Component: ARM Compiler 5.06 update 6 (build 750) Tool: armlink [4d35ed]

==============================================================================

Section Cross References

    startup.o(STACK) refers (Special) to heapauxi.o(.text) for __use_two_region_memory
    startup.o(HEAP) refers (Special) to heapauxi.o(.text) for __use_two_region_memory
    startup.o(RESET) refers (Special) to heapauxi.o(.text) for __use_two_region_memory
    startup.o(RESET) refers to main.o(i.irq_handler) for irq_handler
    startup.o(RESET) refers to startup.o(STACK) for Stack_Top
    startup.o(RESET) refers to __main.o(!!!main) for __main
    startup.o(.text) refers (Special) to heapauxi.o(.text) for __use_two_region_memory
    startup.o(.text) refers to startup.o(HEAP) for Heap_Mem
    startup.o(.text) refers to startup.o(STACK) for Stack_Mem
    main.o(i.initDriver) refers to mpu6050.o(i.gyroConfig) for gyroConfig
    main.o(i.initDriver) refers to mpu6050.o(i.accConfig) for accConfig
    main.o(i.initDriver) refers to serial.o(i.initUART) for initUART
    main.o(i.initDriver) refers to main.o(i.initI2C) for initI2C
    main.o(i.initDriver) refers to main.o(i.initInterrupts) for initInterrupts
    main.o(i.initDriver) refers to mpu6050.o(i.startSensor) for startSensor
    main.o(i.initDriver) refers to main.o(i.initTimer) for initTimer
    main.o(i.irq_handler) refers to rt_memcpy_w.o(.text) for __aeabi_memcpy4
    main.o(i.irq_handler) refers to mpu6050.o(i.pollingWrite) for pollingWrite
    main.o(i.irq_handler) refers to mpu6050.o(i.pollingRead) for pollingRead
    main.o(i.irq_handler) refers to mpu6050.o(i.processMeasurements) for processMeasurements
    main.o(i.irq_handler) refers to serial.o(i.printResults) for printResults
    main.o(i.irq_handler) refers to mpu6050.o(i.startSensor) for startSensor
    main.o(i.irq_handler) refers to mpu6050.o(.data) for gyroRange
    main.o(i.irq_handler) refers to mpu6050.o(.bss) for results
    main.o(i.main) refers to main.o(i.initDriver) for initDriver
    serial.o(i.printResults) refers to _printf_percent.o(.ARM.Collect$$_printf_percent$$00000000) for _printf_percent
    serial.o(i.printResults) refers to _printf_f.o(.ARM.Collect$$_printf_percent$$00000003) for _printf_f
    serial.o(i.printResults) refers to printf1.o(x$fpl$printf1) for _printf_fp_dec
    serial.o(i.printResults) refers to noretval__2sprintf.o(.text) for __2sprintf
    serial.o(i.printResults) refers to serial.o(i.sendString) for sendString
    serial.o(i.sendString) refers to strlen.o(.text) for strlen
    serial.o(i.sendString) refers to serial.o(i.sendCharacter) for sendCharacter
    mpu6050.o(i.accConfig) refers to mpu6050.o(.data) for accRange
    mpu6050.o(i.gyroConfig) refers to mpu6050.o(.data) for gyroRange
    mpu6050.o(i.pollingRead) refers to mpu6050.o(.data) for cntIndex
    mpu6050.o(i.pollingRead) refers to mpu6050.o(.bss) for measurements
    mpu6050.o(i.pollingWrite) refers to mpu6050.o(.data) for cntOperation
    mpu6050.o(i.processMeasurements) refers to dflt_noclz.o(x$fpl$dflt) for __aeabi_i2d
    mpu6050.o(i.processMeasurements) refers to ddiv.o(x$fpl$ddiv) for __aeabi_ddiv
    mpu6050.o(i.processMeasurements) refers to daddsub_noclz.o(x$fpl$dadd) for __aeabi_dadd
    mpu6050.o(i.processMeasurements) refers to mpu6050.o(.data) for gyroRange
    mpu6050.o(i.startSensor) refers to mpu6050.o(i.resetI2C) for resetI2C
    __2sprintf.o(.text) refers to _printf_char_common.o(.text) for _printf_char_common
    __2sprintf.o(.text) refers to _sputc.o(.text) for _sputc
    noretval__2sprintf.o(.text) refers to _printf_char_common.o(.text) for _printf_char_common
    noretval__2sprintf.o(.text) refers to _sputc.o(.text) for _sputc
    __printf.o(.text) refers to __printf.o(i.__ARM_common_call_via_r1) for __ARM_common_call_via_r1
    __printf.o(.text) refers to _printf_percent.o(.ARM.Collect$$_printf_percent$$00000000) for _printf_percent
    __printf.o(.text) refers to __printf.o(i.__ARM_common_call_via_r2) for __ARM_common_call_via_r2
    __printf_flags.o(.text) refers to __printf.o(i.__ARM_common_call_via_r1) for __ARM_common_call_via_r1
    __printf_flags.o(.text) refers to _printf_percent.o(.ARM.Collect$$_printf_percent$$00000000) for _printf_percent
    __printf_flags.o(.text) refers to __printf.o(i.__ARM_common_call_via_r2) for __ARM_common_call_via_r2
    __printf_flags.o(.text) refers to __printf_flags.o(.constdata) for .constdata
    __printf_ss.o(.text) refers to __printf.o(i.__ARM_common_call_via_r1) for __ARM_common_call_via_r1
    __printf_ss.o(.text) refers to _printf_percent.o(.ARM.Collect$$_printf_percent$$00000000) for _printf_percent
    __printf_ss.o(.text) refers to __printf.o(i.__ARM_common_call_via_r2) for __ARM_common_call_via_r2
    __printf_flags_ss.o(.text) refers to __printf.o(i.__ARM_common_call_via_r1) for __ARM_common_call_via_r1
    __printf_flags_ss.o(.text) refers to _printf_percent.o(.ARM.Collect$$_printf_percent$$00000000) for _printf_percent
    __printf_flags_ss.o(.text) refers to __printf.o(i.__ARM_common_call_via_r2) for __ARM_common_call_via_r2
    __printf_flags_ss.o(.text) refers to __printf_flags_ss.o(.constdata) for .constdata
    __printf_wp.o(.text) refers to __printf.o(i.__ARM_common_call_via_r1) for __ARM_common_call_via_r1
    __printf_wp.o(.text) refers to __printf_wp.o(i._is_digit) for _is_digit
    __printf_wp.o(.text) refers to _printf_percent.o(.ARM.Collect$$_printf_percent$$00000000) for _printf_percent
    __printf_wp.o(.text) refers to __printf.o(i.__ARM_common_call_via_r2) for __ARM_common_call_via_r2
    __printf_flags_wp.o(.text) refers to __printf.o(i.__ARM_common_call_via_r1) for __ARM_common_call_via_r1
    __printf_flags_wp.o(.text) refers to __printf_wp.o(i._is_digit) for _is_digit
    __printf_flags_wp.o(.text) refers to _printf_percent.o(.ARM.Collect$$_printf_percent$$00000000) for _printf_percent
    __printf_flags_wp.o(.text) refers to __printf.o(i.__ARM_common_call_via_r2) for __ARM_common_call_via_r2
    __printf_flags_wp.o(.text) refers to __printf_flags_wp.o(.constdata) for .constdata
    __printf_ss_wp.o(.text) refers to __printf.o(i.__ARM_common_call_via_r1) for __ARM_common_call_via_r1
    __printf_ss_wp.o(.text) refers to __printf_wp.o(i._is_digit) for _is_digit
    __printf_ss_wp.o(.text) refers to _printf_percent.o(.ARM.Collect$$_printf_percent$$00000000) for _printf_percent
    __printf_ss_wp.o(.text) refers to __printf.o(i.__ARM_common_call_via_r2) for __ARM_common_call_via_r2
    __printf_flags_ss_wp.o(.text) refers to __printf.o(i.__ARM_common_call_via_r1) for __ARM_common_call_via_r1
    __printf_flags_ss_wp.o(.text) refers to __printf_wp.o(i._is_digit) for _is_digit
    __printf_flags_ss_wp.o(.text) refers to _printf_percent.o(.ARM.Collect$$_printf_percent$$00000000) for _printf_percent
    __printf_flags_ss_wp.o(.text) refers to __printf.o(i.__ARM_common_call_via_r2) for __ARM_common_call_via_r2
    __printf_flags_ss_wp.o(.text) refers to __printf_flags_ss_wp.o(.constdata) for .constdata
    _printf_f.o(.ARM.Collect$$_printf_percent$$00000003) refers (Weak) to printf1.o(x$fpl$printf1) for _printf_fp_dec
    _printf_percent.o(.ARM.Collect$$_printf_percent$$00000000) refers (Special) to _printf_percent_end.o(.ARM.Collect$$_printf_percent$$00000017) for _printf_percent_end
    __main.o(!!!main) refers to __rtentry.o(.ARM.Collect$$rtentry$$00000000) for __rt_entry
    daddsub_noclz.o(x$fpl$dadd) refers (Special) to usenofp.o(x$fpl$usenofp) for __I$use$fp
    daddsub_noclz.o(x$fpl$dadd) refers to daddsub_noclz.o(x$fpl$dsub) for _dsub1
    daddsub_noclz.o(x$fpl$dadd) refers to dretinf.o(x$fpl$dretinf) for __fpl_dretinf
    daddsub_noclz.o(x$fpl$dadd) refers to dnaninf.o(x$fpl$dnaninf) for __fpl_dnaninf
    daddsub_noclz.o(x$fpl$drsb) refers (Special) to usenofp.o(x$fpl$usenofp) for __I$use$fp
    daddsub_noclz.o(x$fpl$drsb) refers to daddsub_noclz.o(x$fpl$dadd) for _dadd1
    daddsub_noclz.o(x$fpl$drsb) refers to daddsub_noclz.o(x$fpl$dsub) for _dsub1
    daddsub_noclz.o(x$fpl$dsub) refers (Special) to usenofp.o(x$fpl$usenofp) for __I$use$fp
    daddsub_noclz.o(x$fpl$dsub) refers to daddsub_noclz.o(x$fpl$dadd) for _dadd1
    daddsub_noclz.o(x$fpl$dsub) refers to dnaninf.o(x$fpl$dnaninf) for __fpl_dnaninf
    ddiv.o(x$fpl$drdiv) refers (Special) to usenofp.o(x$fpl$usenofp) for __I$use$fp
    ddiv.o(x$fpl$drdiv) refers to ddiv.o(x$fpl$ddiv) for ddiv_entry
    ddiv.o(x$fpl$ddiv) refers (Special) to usenofp.o(x$fpl$usenofp) for __I$use$fp
    ddiv.o(x$fpl$ddiv) refers to dretinf.o(x$fpl$dretinf) for __fpl_dretinf
    ddiv.o(x$fpl$ddiv) refers to dnaninf.o(x$fpl$dnaninf) for __fpl_dnaninf
    dflt_noclz.o(x$fpl$dfltu) refers (Special) to usenofp.o(x$fpl$usenofp) for __I$use$fp
    dflt_noclz.o(x$fpl$dfltu) refers to dflt_noclz.o(x$fpl$dflt) for __dflt_normalise
    dflt_noclz.o(x$fpl$dflt) refers (Special) to usenofp.o(x$fpl$usenofp) for __I$use$fp
    printf1.o(x$fpl$printf1) refers to _printf_fp_dec.o(.text) for _printf_fp_dec_real
    __rtentry.o(.ARM.Collect$$rtentry$$00000000) refers (Special) to __rtentry2.o(.ARM.Collect$$rtentry$$0000000A) for __rt_entry_li
    __rtentry.o(.ARM.Collect$$rtentry$$00000000) refers (Special) to __rtentry2.o(.ARM.Collect$$rtentry$$0000000D) for __rt_entry_main
    __rtentry.o(.ARM.Collect$$rtentry$$00000000) refers (Special) to __rtentry2.o(.ARM.Collect$$rtentry$$0000000C) for __rt_entry_postli_1
    __rtentry.o(.ARM.Collect$$rtentry$$00000000) refers (Special) to __rtentry2.o(.ARM.Collect$$rtentry$$00000009) for __rt_entry_postsh_1
    __rtentry.o(.ARM.Collect$$rtentry$$00000000) refers (Special) to __rtentry2.o(.ARM.Collect$$rtentry$$00000002) for __rt_entry_presh_1
    __rtentry.o(.ARM.Collect$$rtentry$$00000000) refers (Special) to __rtentry4.o(.ARM.Collect$$rtentry$$00000004) for __rt_entry_sh
    _printf_fp_dec.o(.text) refers (Special) to usenofp.o(x$fpl$usenofp) for __I$use$fp
    _printf_fp_dec.o(.text) refers (Special) to lc_numeric_c.o(locale$$code) for _get_lc_numeric
    _printf_fp_dec.o(.text) refers to istatus.o(x$fpl$ieeestatus) for __ieee_status
    _printf_fp_dec.o(.text) refers to bigflt0.o(.text) for _btod_etento
    _printf_fp_dec.o(.text) refers to btod.o(CL$$btod_d2e) for _btod_d2e
    _printf_fp_dec.o(.text) refers to btod.o(CL$$btod_ediv) for _btod_ediv
    _printf_fp_dec.o(.text) refers to btod.o(CL$$btod_emul) for _btod_emul
    _printf_fp_dec.o(.text) refers to lludiv10.o(.text) for _ll_udiv10
    _printf_fp_dec.o(.text) refers to fpclassify.o(i.__ARM_fpclassify) for __ARM_fpclassify
    _printf_fp_dec.o(.text) refers to _printf_fp_infnan.o(.text) for _printf_fp_infnan
    _printf_fp_dec.o(.text) refers to rtudiv10.o(.text) for __rt_udiv10
    _printf_fp_dec.o(.text) refers to __printf.o(i.__ARM_common_call_via_r2) for __ARM_common_call_via_r2
    _printf_fp_dec.o(.text) refers to rt_locale_intlibspace.o(.text) for __rt_locale
    _printf_char_common.o(.text) refers to __printf.o(.text) for __printf
    dnaninf.o(x$fpl$dnaninf) refers (Special) to usenofp.o(x$fpl$usenofp) for __I$use$fp
    dretinf.o(x$fpl$dretinf) refers (Special) to usenofp.o(x$fpl$usenofp) for __I$use$fp
    __rtentry2.o(.ARM.Collect$$rtentry$$00000008) refers to boardinit2.o(.text) for _platform_post_stackheap_init
    __rtentry2.o(.ARM.Collect$$rtentry$$0000000A) refers to libinit.o(.ARM.Collect$$libinit$$00000000) for __rt_lib_init
    __rtentry2.o(.ARM.Collect$$rtentry$$0000000B) refers to boardinit3.o(.text) for _platform_post_lib_init
    __rtentry2.o(.ARM.Collect$$rtentry$$0000000D) refers to exit.o(.text) for exit
    __rtentry2.o(.ARM.Collect$$rtentry$$0000000D) refers to main.o(i.main) for main
    __rtentry2.o(.ARM.exidx) refers to __rtentry2.o(.ARM.Collect$$rtentry$$00000001) for .ARM.Collect$$rtentry$$00000001
    __rtentry2.o(.ARM.exidx) refers to __rtentry2.o(.ARM.Collect$$rtentry$$00000008) for .ARM.Collect$$rtentry$$00000008
    __rtentry2.o(.ARM.exidx) refers to __rtentry2.o(.ARM.Collect$$rtentry$$0000000A) for .ARM.Collect$$rtentry$$0000000A
    __rtentry2.o(.ARM.exidx) refers to __rtentry2.o(.ARM.Collect$$rtentry$$0000000B) for .ARM.Collect$$rtentry$$0000000B
    __rtentry2.o(.ARM.exidx) refers to __rtentry2.o(.ARM.Collect$$rtentry$$0000000D) for .ARM.Collect$$rtentry$$0000000D
    __rtentry4.o(.ARM.Collect$$rtentry$$00000004) refers to sys_stackheap_outer.o(.text) for __user_setup_stackheap
    __rtentry4.o(.ARM.exidx) refers to __rtentry4.o(.ARM.Collect$$rtentry$$00000004) for .ARM.Collect$$rtentry$$00000004
    rt_locale.o(.text) refers to rt_locale.o(.bss) for __rt_locale_data
    rt_locale_intlibspace.o(.text) refers to libspace.o(.bss) for __libspace_start
    _printf_fp_infnan.o(.text) refers to __printf.o(i.__ARM_common_call_via_r2) for __ARM_common_call_via_r2
    __printf_nopercent.o(.text) refers to __printf_nopercent.o(i.__ARM_common_call_via_r7) for __ARM_common_call_via_r7
    __printf_nopercent.o(.text) refers to __printf_nopercent.o(i.__ARM_common_call_via_r5) for __ARM_common_call_via_r5
    bigflt0.o(.text) refers (Special) to usenofp.o(x$fpl$usenofp) for __I$use$fp
    bigflt0.o(.text) refers to aeabi_sdiv.o(.text) for __aeabi_idivmod
    bigflt0.o(.text) refers to btod.o(CL$$btod_emul) for _btod_emul
    bigflt0.o(.text) refers to btod.o(CL$$btod_ediv) for _btod_ediv
    bigflt0.o(.text) refers to bigflt0.o(.constdata) for .constdata
    bigflt0.o(.constdata) refers (Special) to usenofp.o(x$fpl$usenofp) for __I$use$fp
    btod.o(CL$$btod_d2e) refers (Special) to usenofp.o(x$fpl$usenofp) for __I$use$fp
    btod.o(CL$$btod_d2e) refers to btod.o(CL$$btod_d2e_norm_op1) for _d2e_norm_op1
    btod.o(CL$$btod_d2e_norm_op1) refers (Special) to usenofp.o(x$fpl$usenofp) for __I$use$fp
    btod.o(CL$$btod_d2e_norm_op1) refers to btod.o(CL$$btod_d2e_denorm_low) for _d2e_denorm_low
    btod.o(CL$$btod_d2e_denorm_low) refers (Special) to usenofp.o(x$fpl$usenofp) for __I$use$fp
    btod.o(CL$$btod_emul) refers (Special) to usenofp.o(x$fpl$usenofp) for __I$use$fp
    btod.o(CL$$btod_emul) refers to btod.o(CL$$btod_mult_common) for __btod_mult_common
    btod.o(CL$$btod_emul) refers to btod.o(CL$$btod_e2e) for _e2e
    btod.o(CL$$btod_ediv) refers (Special) to usenofp.o(x$fpl$usenofp) for __I$use$fp
    btod.o(CL$$btod_ediv) refers to btod.o(CL$$btod_div_common) for __btod_div_common
    btod.o(CL$$btod_ediv) refers to btod.o(CL$$btod_e2e) for _e2e
    btod.o(CL$$btod_emuld) refers (Special) to usenofp.o(x$fpl$usenofp) for __I$use$fp
    btod.o(CL$$btod_emuld) refers to btod.o(CL$$btod_mult_common) for __btod_mult_common
    btod.o(CL$$btod_emuld) refers to btod.o(CL$$btod_e2d) for _e2d
    btod.o(CL$$btod_edivd) refers (Special) to usenofp.o(x$fpl$usenofp) for __I$use$fp
    btod.o(CL$$btod_edivd) refers to btod.o(CL$$btod_div_common) for __btod_div_common
    btod.o(CL$$btod_edivd) refers to btod.o(CL$$btod_e2d) for _e2d
    btod.o(CL$$btod_e2e) refers (Special) to usenofp.o(x$fpl$usenofp) for __I$use$fp
    btod.o(CL$$btod_e2d) refers (Special) to usenofp.o(x$fpl$usenofp) for __I$use$fp
    btod.o(CL$$btod_e2d) refers to btod.o(CL$$btod_e2e) for _e2e
    btod.o(CL$$btod_mult_common) refers (Special) to usenofp.o(x$fpl$usenofp) for __I$use$fp
    btod.o(CL$$btod_div_common) refers (Special) to usenofp.o(x$fpl$usenofp) for __I$use$fp
    lc_numeric_c.o(locale$$data) refers (Special) to libinit2.o(.ARM.Collect$$libinit$$00000016) for __rt_lib_init_lc_numeric_2
    lc_numeric_c.o(locale$$code) refers (Special) to libinit2.o(.ARM.Collect$$libinit$$00000016) for __rt_lib_init_lc_numeric_2
    lc_numeric_c.o(locale$$code) refers to strcmp.o(.text) for strcmp
    lc_numeric_c.o(locale$$code) refers to lc_numeric_c.o(locale$$data) for __lcnum_c_name
    istatus.o(x$fpl$ieeestatus) refers (Special) to usenofp.o(x$fpl$usenofp) for __I$use$fp
    fpclassify.o(i.__ARM_fpclassify) refers (Special) to usenofp.o(x$fpl$usenofp) for __I$use$fp
    libspace.o(.text) refers to libspace.o(.bss) for __libspace_start
    sys_stackheap_outer.o(.text) refers to libspace.o(.text) for __user_perproc_libspace
    sys_stackheap_outer.o(.text) refers to startup.o(.text) for __user_initial_stackheap
    exit.o(.text) refers to rtexit.o(.ARM.Collect$$rtexit$$00000000) for __rt_exit
    aeabi_sdiv.o(.text_udiv) refers to aeabi_sdiv.o(.text) for __arm_div2
    aeabi_sdiv_div0.o(.text_udiv) refers to aeabi_sdiv_div0.o(.text) for __arm_div2
    libinit.o(.ARM.Collect$$libinit$$00000000) refers (Special) to libinit2.o(.ARM.Collect$$libinit$$0000002E) for __rt_lib_init_alloca_1
    libinit.o(.ARM.Collect$$libinit$$00000000) refers (Special) to libinit2.o(.ARM.Collect$$libinit$$0000002C) for __rt_lib_init_argv_1
    libinit.o(.ARM.Collect$$libinit$$00000000) refers (Special) to libinit2.o(.ARM.Collect$$libinit$$0000001B) for __rt_lib_init_atexit_1
    libinit.o(.ARM.Collect$$libinit$$00000000) refers (Special) to libinit2.o(.ARM.Collect$$libinit$$00000021) for __rt_lib_init_clock_1
    libinit.o(.ARM.Collect$$libinit$$00000000) refers (Special) to libinit2.o(.ARM.Collect$$libinit$$00000032) for __rt_lib_init_cpp_1
    libinit.o(.ARM.Collect$$libinit$$00000000) refers (Special) to libinit2.o(.ARM.Collect$$libinit$$00000030) for __rt_lib_init_exceptions_1
    libinit.o(.ARM.Collect$$libinit$$00000000) refers (Special) to libinit2.o(.ARM.Collect$$libinit$$00000002) for __rt_lib_init_fp_1
    libinit.o(.ARM.Collect$$libinit$$00000000) refers (Special) to libinit2.o(.ARM.Collect$$libinit$$0000001F) for __rt_lib_init_fp_trap_1
    libinit.o(.ARM.Collect$$libinit$$00000000) refers (Special) to libinit2.o(.ARM.Collect$$libinit$$00000023) for __rt_lib_init_getenv_1
    libinit.o(.ARM.Collect$$libinit$$00000000) refers (Special) to libinit2.o(.ARM.Collect$$libinit$$0000000A) for __rt_lib_init_heap_1
    libinit.o(.ARM.Collect$$libinit$$00000000) refers (Special) to libinit2.o(.ARM.Collect$$libinit$$00000011) for __rt_lib_init_lc_collate_1
    libinit.o(.ARM.Collect$$libinit$$00000000) refers (Special) to libinit2.o(.ARM.Collect$$libinit$$00000013) for __rt_lib_init_lc_ctype_1
    libinit.o(.ARM.Collect$$libinit$$00000000) refers (Special) to libinit2.o(.ARM.Collect$$libinit$$00000015) for __rt_lib_init_lc_monetary_1
    libinit.o(.ARM.Collect$$libinit$$00000000) refers (Special) to libinit2.o(.ARM.Collect$$libinit$$00000017) for __rt_lib_init_lc_numeric_1
    libinit.o(.ARM.Collect$$libinit$$00000000) refers (Special) to libinit2.o(.ARM.Collect$$libinit$$00000019) for __rt_lib_init_lc_time_1
    libinit.o(.ARM.Collect$$libinit$$00000000) refers (Special) to libinit2.o(.ARM.Collect$$libinit$$00000004) for __rt_lib_init_preinit_1
    libinit.o(.ARM.Collect$$libinit$$00000000) refers (Special) to libinit2.o(.ARM.Collect$$libinit$$0000000E) for __rt_lib_init_rand_1
    libinit.o(.ARM.Collect$$libinit$$00000000) refers (Special) to libinit2.o(.ARM.Collect$$libinit$$00000033) for __rt_lib_init_return
    libinit.o(.ARM.Collect$$libinit$$00000000) refers (Special) to libinit2.o(.ARM.Collect$$libinit$$0000001D) for __rt_lib_init_signal_1
    libinit.o(.ARM.Collect$$libinit$$00000000) refers (Special) to libinit2.o(.ARM.Collect$$libinit$$00000025) for __rt_lib_init_stdio_1
    libinit.o(.ARM.Collect$$libinit$$00000000) refers (Special) to libinit2.o(.ARM.Collect$$libinit$$0000000C) for __rt_lib_init_user_alloc_1
    libinit2.o(.ARM.Collect$$libinit$$00000001) refers to fpinit.o(x$fpl$fpinit) for _fp_init
    libinit2.o(.ARM.Collect$$libinit$$0000000F) refers (Weak) to rt_locale_intlibspace.o(.text) for __rt_locale
    libinit2.o(.ARM.Collect$$libinit$$00000010) refers to libinit2.o(.ARM.Collect$$libinit$$0000000F) for .ARM.Collect$$libinit$$0000000F
    libinit2.o(.ARM.Collect$$libinit$$00000012) refers to libinit2.o(.ARM.Collect$$libinit$$0000000F) for .ARM.Collect$$libinit$$0000000F
    libinit2.o(.ARM.Collect$$libinit$$00000014) refers to libinit2.o(.ARM.Collect$$libinit$$0000000F) for .ARM.Collect$$libinit$$0000000F
    libinit2.o(.ARM.Collect$$libinit$$00000016) refers to libinit2.o(.ARM.Collect$$libinit$$0000000F) for .ARM.Collect$$libinit$$0000000F
    libinit2.o(.ARM.Collect$$libinit$$00000016) refers (Weak) to lc_numeric_c.o(locale$$code) for _get_lc_numeric
    libinit2.o(.ARM.Collect$$libinit$$00000018) refers to libinit2.o(.ARM.Collect$$libinit$$0000000F) for .ARM.Collect$$libinit$$0000000F
    libinit2.o(.ARM.Collect$$libinit$$00000026) refers to argv_veneer.o(.emb_text) for __ARM_argv_veneer
    libinit2.o(.ARM.Collect$$libinit$$00000027) refers to argv_veneer.o(.emb_text) for __ARM_argv_veneer
    rtexit.o(.ARM.Collect$$rtexit$$00000000) refers (Special) to rtexit2.o(.ARM.Collect$$rtexit$$00000004) for __rt_exit_exit
    rtexit.o(.ARM.Collect$$rtexit$$00000000) refers (Special) to rtexit2.o(.ARM.Collect$$rtexit$$00000003) for __rt_exit_ls
    rtexit.o(.ARM.Collect$$rtexit$$00000000) refers (Special) to rtexit2.o(.ARM.Collect$$rtexit$$00000002) for __rt_exit_prels_1
    rtexit.o(.ARM.exidx) refers (Special) to rtexit2.o(.ARM.Collect$$rtexit$$00000004) for __rt_exit_exit
    rtexit.o(.ARM.exidx) refers (Special) to rtexit2.o(.ARM.Collect$$rtexit$$00000003) for __rt_exit_ls
    rtexit.o(.ARM.exidx) refers (Special) to rtexit2.o(.ARM.Collect$$rtexit$$00000002) for __rt_exit_prels_1
    rtexit.o(.ARM.exidx) refers to rtexit.o(.ARM.Collect$$rtexit$$00000000) for .ARM.Collect$$rtexit$$00000000
    aeabi_idiv0_sigfpe.o(.text) refers to rt_div0.o(.text) for __rt_div0
    argv_veneer.o(.emb_text) refers to no_argv.o(.text) for __ARM_get_argv
    rtexit2.o(.ARM.Collect$$rtexit$$00000003) refers to libshutdown.o(.ARM.Collect$$libshutdown$$00000000) for __rt_lib_shutdown
    rtexit2.o(.ARM.Collect$$rtexit$$00000004) refers to sys_exit.o(.text) for _sys_exit
    rtexit2.o(.ARM.exidx) refers to rtexit2.o(.ARM.Collect$$rtexit$$00000001) for .ARM.Collect$$rtexit$$00000001
    rtexit2.o(.ARM.exidx) refers to rtexit2.o(.ARM.Collect$$rtexit$$00000003) for .ARM.Collect$$rtexit$$00000003
    rtexit2.o(.ARM.exidx) refers to rtexit2.o(.ARM.Collect$$rtexit$$00000004) for .ARM.Collect$$rtexit$$00000004
    rt_div0.o(.text) refers to defsig_fpe_outer.o(.text) for __rt_SIGFPE
    _get_argv_nomalloc.o(.text) refers (Special) to hrguard.o(.text) for __heap_region$guard
    _get_argv_nomalloc.o(.text) refers to defsig_rtmem_outer.o(.text) for __rt_SIGRTMEM
    _get_argv_nomalloc.o(.text) refers to sys_command.o(.text) for _sys_command_string
    sys_command.o(.text) refers (Special) to use_no_semi.o(.text) for __I$use$semihosting
    sys_command.o(.text) refers (Special) to indicate_semi.o(.text) for __semihosting_library_function
    sys_exit.o(.text) refers (Special) to use_no_semi.o(.text) for __I$use$semihosting
    sys_exit.o(.text) refers (Special) to indicate_semi.o(.text) for __semihosting_library_function
    defsig_fpe_outer.o(.text) refers to defsig_fpe_inner.o(.text) for __rt_SIGFPE_inner
    defsig_fpe_outer.o(.text) refers to defsig_exit.o(.text) for __sig_exit
    defsig_fpe_formal.o(.text) refers to rt_raise.o(.text) for __rt_raise
    defsig_rtmem_outer.o(.text) refers to defsig_rtmem_inner.o(.text) for __rt_SIGRTMEM_inner
    defsig_rtmem_outer.o(.text) refers to defsig_exit.o(.text) for __sig_exit
    defsig_rtmem_formal.o(.text) refers to rt_raise.o(.text) for __rt_raise
    libshutdown.o(.ARM.Collect$$libshutdown$$00000000) refers (Special) to libshutdown2.o(.ARM.Collect$$libshutdown$$00000002) for __rt_lib_shutdown_cpp_1
    libshutdown.o(.ARM.Collect$$libshutdown$$00000000) refers (Special) to libshutdown2.o(.ARM.Collect$$libshutdown$$00000007) for __rt_lib_shutdown_fp_trap_1
    libshutdown.o(.ARM.Collect$$libshutdown$$00000000) refers (Special) to libshutdown2.o(.ARM.Collect$$libshutdown$$0000000F) for __rt_lib_shutdown_heap_1
    libshutdown.o(.ARM.Collect$$libshutdown$$00000000) refers (Special) to libshutdown2.o(.ARM.Collect$$libshutdown$$00000010) for __rt_lib_shutdown_return
    libshutdown.o(.ARM.Collect$$libshutdown$$00000000) refers (Special) to libshutdown2.o(.ARM.Collect$$libshutdown$$0000000A) for __rt_lib_shutdown_signal_1
    libshutdown.o(.ARM.Collect$$libshutdown$$00000000) refers (Special) to libshutdown2.o(.ARM.Collect$$libshutdown$$00000004) for __rt_lib_shutdown_stdio_1
    libshutdown.o(.ARM.Collect$$libshutdown$$00000000) refers (Special) to libshutdown2.o(.ARM.Collect$$libshutdown$$0000000C) for __rt_lib_shutdown_user_alloc_1
    rt_raise.o(.text) refers to __raise.o(.text) for __raise
    rt_raise.o(.text) refers to sys_exit.o(.text) for _sys_exit
    defsig_exit.o(.text) refers to sys_exit.o(.text) for _sys_exit
    defsig_fpe_inner.o(.text) refers to defsig_general.o(.text) for __default_signal_display
    defsig_rtmem_inner.o(.text) refers to defsig_general.o(.text) for __default_signal_display
    __raise.o(.text) refers to __printf.o(i.__ARM_common_call_via_r2) for __ARM_common_call_via_r2
    __raise.o(.text) refers to defsig.o(CL$$defsig) for __default_signal_handler
    defsig_general.o(.text) refers to sys_wrch.o(.text) for _ttywrch
    sys_wrch.o(.text) refers (Special) to use_no_semi.o(.text) for __I$use$semihosting
    sys_wrch.o(.text) refers (Special) to indicate_semi.o(.text) for __semihosting_library_function
    defsig.o(CL$$defsig) refers to defsig_fpe_inner.o(.text) for __rt_SIGFPE_inner
    defsig.o(CL$$defsig) refers to defsig_rtmem_inner.o(.text) for __rt_SIGRTMEM_inner
    defsig_abrt_inner.o(.text) refers to defsig_general.o(.text) for __default_signal_display
    defsig_rtred_inner.o(.text) refers to defsig_general.o(.text) for __default_signal_display
    defsig_stak_inner.o(.text) refers to defsig_general.o(.text) for __default_signal_display
    defsig_pvfn_inner.o(.text) refers to defsig_general.o(.text) for __default_signal_display
    defsig_cppl_inner.o(.text) refers to defsig_general.o(.text) for __default_signal_display
    defsig_segv_inner.o(.text) refers to defsig_general.o(.text) for __default_signal_display
    defsig_other.o(.text) refers to defsig_general.o(.text) for __default_signal_display


==============================================================================

Removing Unused input sections from the image.

    Removing serial.o(i.getCharacter), (40 bytes).

1 unused section(s) (total 40 bytes) removed from the image.

==============================================================================

Adding Veneers to the image

    Adding TA veneer (4 bytes, Inline) for call to '_printf_percent' from __printf.o(.text).
    Adding AT veneer (8 bytes, Inline) for call to '__rt_lib_init' from __rtentry2.o(.ARM.Collect$$rtentry$$0000000A).
    Adding AT veneer (8 bytes, Inline) for call to '__rt_lib_shutdown' from rtexit2.o(.ARM.Collect$$rtexit$$00000003).
    Adding TA veneer (4 bytes, Inline) for call to '__rt_exit' from exit.o(.text).
    Adding AT veneer (8 bytes, Inline) for call to '__2sprintf' from serial.o(i.printResults).
    Adding AT veneer (8 bytes, Inline) for call to 'strlen' from serial.o(i.sendString).
    Adding TA veneer (4 bytes, Inline) for call to '__rt_locale' from libinit2.o(.ARM.Collect$$libinit$$0000000F).
    Adding TA veneer (4 bytes, Inline) for call to '_ll_udiv10' from _printf_fp_dec.o(.text).
    Adding TA veneer (4 bytes, Inline) for call to '__rt_udiv10' from _printf_fp_dec.o(.text).
    Adding TA veneer (4 bytes, Inline) for call to '__aeabi_idivmod' from bigflt0.o(.text).
    Adding AT veneer (8 bytes, Inline) for call to '_sys_exit' from rtexit2.o(.ARM.Collect$$rtexit$$00000004).
    Adding TA veneer (4 bytes, Inline) for call to '_btod_d2e' from _printf_fp_dec.o(.text).
    Adding TA veneer (4 bytes, Inline) for call to '_btod_ediv' from _printf_fp_dec.o(.text).
    Adding TA veneer (4 bytes, Inline) for call to '_btod_emul' from _printf_fp_dec.o(.text).
    Adding AT veneer (12 bytes, Long) for call to '_printf_fp_dec_real' from printf1.o(x$fpl$printf1).
    Adding TA veneer (4 bytes, Inline) for call to '__ARM_fpclassify' from _printf_fp_dec.o(.text).
    Adding TA veneer (4 bytes, Inline) for call to '_get_lc_numeric' from libinit2.o(.ARM.Collect$$libinit$$00000016).
    Adding TA veneer (4 bytes, Inline) for call to '__ieee_status' from _printf_fp_dec.o(.text).

18 Veneer(s) (total 100 bytes) added to the image.

==============================================================================

Image Symbol Table

    Local Symbols

    Symbol Name                              Value     Ov Type        Size  Object(Section)

    RESET                                    0x00000000   Section      272  startup.o(RESET)
    ../clib/angel/boardlib.s                 0x00000000   Number         0  boardinit1.o ABSOLUTE
    ../clib/angel/boardlib.s                 0x00000000   Number         0  boardinit2.o ABSOLUTE
    ../clib/angel/boardlib.s                 0x00000000   Number         0  boardinit3.o ABSOLUTE
    ../clib/angel/boardlib.s                 0x00000000   Number         0  boardshut.o ABSOLUTE
    ../clib/angel/handlers.s                 0x00000000   Number         0  __scatter_copy.o ABSOLUTE
    ../clib/angel/handlers.s                 0x00000000   Number         0  __scatter_zi.o ABSOLUTE
    ../clib/angel/kernel.s                   0x00000000   Number         0  rtexit.o ABSOLUTE
    ../clib/angel/kernel.s                   0x00000000   Number         0  __rtentry4.o ABSOLUTE
    ../clib/angel/kernel.s                   0x00000000   Number         0  __rtentry2.o ABSOLUTE
    ../clib/angel/kernel.s                   0x00000000   Number         0  rtexit2.o ABSOLUTE
    ../clib/angel/kernel.s                   0x00000000   Number         0  __rtentry.o ABSOLUTE
    ../clib/angel/rt.s                       0x00000000   Number         0  rt_locale.o ABSOLUTE
    ../clib/angel/rt.s                       0x00000000   Number         0  rt_div0.o ABSOLUTE
    ../clib/angel/rt.s                       0x00000000   Number         0  rt_raise.o ABSOLUTE
    ../clib/angel/rt.s                       0x00000000   Number         0  aeabi_idiv0_sigfpe.o ABSOLUTE
    ../clib/angel/rt.s                       0x00000000   Number         0  aeabi_idiv0.o ABSOLUTE
    ../clib/angel/rt.s                       0x00000000   Number         0  rt_locale_intlibspace.o ABSOLUTE
    ../clib/angel/scatter.s                  0x00000000   Number         0  __scatter.o ABSOLUTE
    ../clib/angel/startup.s                  0x00000000   Number         0  __main.o ABSOLUTE
    ../clib/angel/sys.s                      0x00000000   Number         0  indicate_semi.o ABSOLUTE
    ../clib/angel/sys.s                      0x00000000   Number         0  use_no_semi.o ABSOLUTE
    ../clib/angel/sys.s                      0x00000000   Number         0  libspace.o ABSOLUTE
    ../clib/angel/sys.s                      0x00000000   Number         0  sys_stackheap_outer.o ABSOLUTE
    ../clib/angel/sysapp.c                   0x00000000   Number         0  sys_exit.o ABSOLUTE
    ../clib/angel/sysapp.c                   0x00000000   Number         0  sys_wrch.o ABSOLUTE
    ../clib/angel/sysapp.c                   0x00000000   Number         0  sys_command.o ABSOLUTE
    ../clib/armsys.c                         0x00000000   Number         0  no_argv.o ABSOLUTE
    ../clib/armsys.c                         0x00000000   Number         0  _get_argv_nomalloc.o ABSOLUTE
    ../clib/armsys.c                         0x00000000   Number         0  argv_veneer.o ABSOLUTE
    ../clib/armsys.c                         0x00000000   Number         0  argv_veneer.o ABSOLUTE
    ../clib/bigflt.c                         0x00000000   Number         0  bigflt0.o ABSOLUTE
    ../clib/btod.s                           0x00000000   Number         0  btod.o ABSOLUTE
    ../clib/division.s                       0x00000000   Number         0  rtudiv10.o ABSOLUTE
    ../clib/division.s                       0x00000000   Number         0  aeabi_sdiv.o ABSOLUTE
    ../clib/division.s                       0x00000000   Number         0  aeabi_sdiv_div0.o ABSOLUTE
    ../clib/divrt.s                          0x00000000   Number         0  divrt_7tdmi_div0.o ABSOLUTE
    ../clib/divrt.s                          0x00000000   Number         0  divrt_7tdmi.o ABSOLUTE
    ../clib/heapalloc.c                      0x00000000   Number         0  hrguard.o ABSOLUTE
    ../clib/heapaux.c                        0x00000000   Number         0  heapauxi.o ABSOLUTE
    ../clib/libinit.s                        0x00000000   Number         0  libinit2.o ABSOLUTE
    ../clib/libinit.s                        0x00000000   Number         0  libinit.o ABSOLUTE
    ../clib/libinit.s                        0x00000000   Number         0  libshutdown2.o ABSOLUTE
    ../clib/libinit.s                        0x00000000   Number         0  libshutdown.o ABSOLUTE
    ../clib/locale.s                         0x00000000   Number         0  lc_numeric_c.o ABSOLUTE
    ../clib/longlong.s                       0x00000000   Number         0  lludiv10.o ABSOLUTE
    ../clib/memcpset.s                       0x00000000   Number         0  strcmp.o ABSOLUTE
    ../clib/memcpset.s                       0x00000000   Number         0  rt_memcpy_w.o ABSOLUTE
    ../clib/printf.c                         0x00000000   Number         0  _printf_fp_infnan.o ABSOLUTE
    ../clib/printf.c                         0x00000000   Number         0  __printf_flags_ss_wp.o ABSOLUTE
    ../clib/printf.c                         0x00000000   Number         0  noretval__2sprintf.o ABSOLUTE
    ../clib/printf.c                         0x00000000   Number         0  __printf.o ABSOLUTE
    ../clib/printf.c                         0x00000000   Number         0  __printf_nopercent.o ABSOLUTE
    ../clib/printf.c                         0x00000000   Number         0  _printf_fp_dec.o ABSOLUTE
    ../clib/printf.c                         0x00000000   Number         0  __2sprintf.o ABSOLUTE
    ../clib/printf.c                         0x00000000   Number         0  _sputc.o ABSOLUTE
    ../clib/printf.c                         0x00000000   Number         0  _printf_char_common.o ABSOLUTE
    ../clib/printf.c                         0x00000000   Number         0  __printf_flags.o ABSOLUTE
    ../clib/printf.c                         0x00000000   Number         0  __printf_ss.o ABSOLUTE
    ../clib/printf.c                         0x00000000   Number         0  __printf_flags_ss.o ABSOLUTE
    ../clib/printf.c                         0x00000000   Number         0  __printf_wp.o ABSOLUTE
    ../clib/printf.c                         0x00000000   Number         0  __printf_flags_wp.o ABSOLUTE
    ../clib/printf.c                         0x00000000   Number         0  __printf_ss_wp.o ABSOLUTE
    ../clib/printf_percent.s                 0x00000000   Number         0  _printf_percent_end.o ABSOLUTE
    ../clib/printf_percent.s                 0x00000000   Number         0  _printf_f.o ABSOLUTE
    ../clib/printf_percent.s                 0x00000000   Number         0  _printf_percent.o ABSOLUTE
    ../clib/signal.c                         0x00000000   Number         0  defsig_exit.o ABSOLUTE
    ../clib/signal.c                         0x00000000   Number         0  defsig_rtmem_formal.o ABSOLUTE
    ../clib/signal.c                         0x00000000   Number         0  defsig_rtmem_outer.o ABSOLUTE
    ../clib/signal.c                         0x00000000   Number         0  defsig_fpe_formal.o ABSOLUTE
    ../clib/signal.c                         0x00000000   Number         0  defsig_fpe_outer.o ABSOLUTE
    ../clib/signal.c                         0x00000000   Number         0  defsig_cppl_inner.o ABSOLUTE
    ../clib/signal.c                         0x00000000   Number         0  defsig_other.o ABSOLUTE
    ../clib/signal.c                         0x00000000   Number         0  defsig_segv_inner.o ABSOLUTE
    ../clib/signal.c                         0x00000000   Number         0  defsig_pvfn_inner.o ABSOLUTE
    ../clib/signal.c                         0x00000000   Number         0  defsig_stak_inner.o ABSOLUTE
    ../clib/signal.c                         0x00000000   Number         0  defsig_rtred_inner.o ABSOLUTE
    ../clib/signal.c                         0x00000000   Number         0  defsig_abrt_inner.o ABSOLUTE
    ../clib/signal.c                         0x00000000   Number         0  __raise.o ABSOLUTE
    ../clib/signal.c                         0x00000000   Number         0  defsig_general.o ABSOLUTE
    ../clib/signal.c                         0x00000000   Number         0  defsig_rtmem_inner.o ABSOLUTE
    ../clib/signal.c                         0x00000000   Number         0  defsig_fpe_inner.o ABSOLUTE
    ../clib/signal.s                         0x00000000   Number         0  defsig.o ABSOLUTE
    ../clib/stdlib.c                         0x00000000   Number         0  exit.o ABSOLUTE
    ../clib/string.c                         0x00000000   Number         0  strlen.o ABSOLUTE
    ../fplib/daddsub.s                       0x00000000   Number         0  daddsub_noclz.o ABSOLUTE
    ../fplib/ddiv.s                          0x00000000   Number         0  ddiv.o ABSOLUTE
    ../fplib/dflt.s                          0x00000000   Number         0  dflt_noclz.o ABSOLUTE
    ../fplib/dnaninf.s                       0x00000000   Number         0  dnaninf.o ABSOLUTE
    ../fplib/dretinf.s                       0x00000000   Number         0  dretinf.o ABSOLUTE
    ../fplib/fpinit.s                        0x00000000   Number         0  fpinit.o ABSOLUTE
    ../fplib/istatus.s                       0x00000000   Number         0  istatus.o ABSOLUTE
    ../fplib/printf1.s                       0x00000000   Number         0  printf1.o ABSOLUTE
    ../fplib/usenofp.s                       0x00000000   Number         0  usenofp.o ABSOLUTE
    ../mathlib/fpclassify.c                  0x00000000   Number         0  fpclassify.o ABSOLUTE
    Startup.s                                0x00000000   Number         0  startup.o ABSOLUTE
    dc.s                                     0x00000000   Number         0  dc.o ABSOLUTE
    main.c                                   0x00000000   Number         0  main.o ABSOLUTE
    mpu6050.c                                0x00000000   Number         0  mpu6050.o ABSOLUTE
    serial.c                                 0x00000000   Number         0  serial.o ABSOLUTE
    Undef_Handler                            0x00000040   ARM Code       4  startup.o(RESET)
    SWI_Handler                              0x00000044   ARM Code       4  startup.o(RESET)
    PAbt_Handler                             0x00000048   ARM Code       4  startup.o(RESET)
    DAbt_Handler                             0x0000004c   ARM Code       4  startup.o(RESET)
    IRQ_Handler                              0x00000050   ARM Code       4  startup.o(RESET)
    FIQ_Handler                              0x00000054   ARM Code       4  startup.o(RESET)
    !!!main                                  0x00000110   Section        8  __main.o(!!!main)
    !!!scatter                               0x00000118   Section       60  __scatter.o(!!!scatter)
    !!handler_copy                           0x00000154   Section       40  __scatter_copy.o(!!handler_copy)
    !!handler_zi                             0x0000017c   Section       44  __scatter_zi.o(!!handler_zi)
    .ARM.Collect$$_printf_percent$$00000000  0x000001ac   Section        0  _printf_percent.o(.ARM.Collect$$_printf_percent$$00000000)
    .ARM.Collect$$_printf_percent$$00000003  0x000001ac   Section        8  _printf_f.o(.ARM.Collect$$_printf_percent$$00000003)
    .ARM.Collect$$_printf_percent$$00000017  0x000001b4   Section        8  _printf_percent_end.o(.ARM.Collect$$_printf_percent$$00000017)
    .ARM.Collect$$libinit$$00000000          0x000001c4   Section        2  libinit.o(.ARM.Collect$$libinit$$00000000)
    .ARM.Collect$$libinit$$00000002          0x000001c6   Section        0  libinit2.o(.ARM.Collect$$libinit$$00000002)
    .ARM.Collect$$libinit$$00000004          0x000001c6   Section        0  libinit2.o(.ARM.Collect$$libinit$$00000004)
    .ARM.Collect$$libinit$$0000000A          0x000001c6   Section        0  libinit2.o(.ARM.Collect$$libinit$$0000000A)
    .ARM.Collect$$libinit$$0000000C          0x000001c6   Section        0  libinit2.o(.ARM.Collect$$libinit$$0000000C)
    .ARM.Collect$$libinit$$0000000E          0x000001c6   Section        0  libinit2.o(.ARM.Collect$$libinit$$0000000E)
    .ARM.Collect$$libinit$$0000000F          0x000001c6   Section        6  libinit2.o(.ARM.Collect$$libinit$$0000000F)
    .ARM.Collect$$libinit$$00000011          0x000001cc   Section        0  libinit2.o(.ARM.Collect$$libinit$$00000011)
    .ARM.Collect$$libinit$$00000013          0x000001cc   Section        0  libinit2.o(.ARM.Collect$$libinit$$00000013)
    .ARM.Collect$$libinit$$00000015          0x000001cc   Section        0  libinit2.o(.ARM.Collect$$libinit$$00000015)
    .ARM.Collect$$libinit$$00000016          0x000001cc   Section       10  libinit2.o(.ARM.Collect$$libinit$$00000016)
    .ARM.Collect$$libinit$$00000017          0x000001d6   Section        0  libinit2.o(.ARM.Collect$$libinit$$00000017)
    .ARM.Collect$$libinit$$00000019          0x000001d6   Section        0  libinit2.o(.ARM.Collect$$libinit$$00000019)
    .ARM.Collect$$libinit$$0000001B          0x000001d6   Section        0  libinit2.o(.ARM.Collect$$libinit$$0000001B)
    .ARM.Collect$$libinit$$0000001D          0x000001d6   Section        0  libinit2.o(.ARM.Collect$$libinit$$0000001D)
    .ARM.Collect$$libinit$$0000001F          0x000001d6   Section        0  libinit2.o(.ARM.Collect$$libinit$$0000001F)
    .ARM.Collect$$libinit$$00000021          0x000001d6   Section        0  libinit2.o(.ARM.Collect$$libinit$$00000021)
    .ARM.Collect$$libinit$$00000023          0x000001d6   Section        0  libinit2.o(.ARM.Collect$$libinit$$00000023)
    .ARM.Collect$$libinit$$00000025          0x000001d6   Section        0  libinit2.o(.ARM.Collect$$libinit$$00000025)
    .ARM.Collect$$libinit$$0000002C          0x000001d6   Section        0  libinit2.o(.ARM.Collect$$libinit$$0000002C)
    .ARM.Collect$$libinit$$0000002E          0x000001d6   Section        0  libinit2.o(.ARM.Collect$$libinit$$0000002E)
    .ARM.Collect$$libinit$$00000030          0x000001d6   Section        0  libinit2.o(.ARM.Collect$$libinit$$00000030)
    .ARM.Collect$$libinit$$00000032          0x000001d6   Section        0  libinit2.o(.ARM.Collect$$libinit$$00000032)
    .ARM.Collect$$libinit$$00000033          0x000001d6   Section       12  libinit2.o(.ARM.Collect$$libinit$$00000033)
    .ARM.Collect$$libshutdown$$00000000      0x000001ec   Section        4  libshutdown.o(.ARM.Collect$$libshutdown$$00000000)
    .ARM.Collect$$libshutdown$$00000002      0x000001f0   Section        0  libshutdown2.o(.ARM.Collect$$libshutdown$$00000002)
    .ARM.Collect$$libshutdown$$00000004      0x000001f0   Section        0  libshutdown2.o(.ARM.Collect$$libshutdown$$00000004)
    .ARM.Collect$$libshutdown$$00000007      0x000001f0   Section        0  libshutdown2.o(.ARM.Collect$$libshutdown$$00000007)
    .ARM.Collect$$libshutdown$$0000000A      0x000001f0   Section        0  libshutdown2.o(.ARM.Collect$$libshutdown$$0000000A)
    .ARM.Collect$$libshutdown$$0000000C      0x000001f0   Section        0  libshutdown2.o(.ARM.Collect$$libshutdown$$0000000C)
    .ARM.Collect$$libshutdown$$0000000F      0x000001f0   Section        0  libshutdown2.o(.ARM.Collect$$libshutdown$$0000000F)
    .ARM.Collect$$libshutdown$$00000010      0x000001f0   Section        6  libshutdown2.o(.ARM.Collect$$libshutdown$$00000010)
    .ARM.Collect$$rtentry$$00000000          0x000001f8   Section        0  __rtentry.o(.ARM.Collect$$rtentry$$00000000)
    .ARM.Collect$$rtentry$$00000002          0x000001f8   Section        0  __rtentry2.o(.ARM.Collect$$rtentry$$00000002)
    .ARM.Collect$$rtentry$$00000004          0x000001f8   Section        8  __rtentry4.o(.ARM.Collect$$rtentry$$00000004)
    .ARM.Collect$$rtentry$$00000009          0x00000200   Section        0  __rtentry2.o(.ARM.Collect$$rtentry$$00000009)
    .ARM.Collect$$rtentry$$0000000A          0x00000200   Section        4  __rtentry2.o(.ARM.Collect$$rtentry$$0000000A)
    .ARM.Collect$$rtentry$$0000000C          0x00000204   Section        0  __rtentry2.o(.ARM.Collect$$rtentry$$0000000C)
    .ARM.Collect$$rtentry$$0000000D          0x00000204   Section       40  __rtentry2.o(.ARM.Collect$$rtentry$$0000000D)
    .ARM.Collect$$rtexit$$00000000           0x00000230   Section        4  rtexit.o(.ARM.Collect$$rtexit$$00000000)
    .ARM.Collect$$rtexit$$00000002           0x00000234   Section        0  rtexit2.o(.ARM.Collect$$rtexit$$00000002)
    .ARM.Collect$$rtexit$$00000003           0x00000234   Section        4  rtexit2.o(.ARM.Collect$$rtexit$$00000003)
    .ARM.Collect$$rtexit$$00000004           0x00000238   Section        8  rtexit2.o(.ARM.Collect$$rtexit$$00000004)
    .text                                    0x00000240   Section       32  startup.o(.text)
    .text                                    0x00000268   Section        0  noretval__2sprintf.o(.text)
    .text                                    0x00000290   Section        0  __printf.o(.text)
    .text                                    0x00000310   Section        0  strlen.o(.text)
    .text                                    0x00000354   Section      100  rt_memcpy_w.o(.text)
    .text                                    0x000003b8   Section        0  heapauxi.o(.text)
    .text                                    0x000003c0   Section        0  _printf_fp_dec.o(.text)
    _fp_digits                               0x000003c3   Thumb Code   414  _printf_fp_dec.o(.text)
    .text                                    0x000007e0   Section        0  _printf_char_common.o(.text)
    _printf_input_char                       0x000007e1   Thumb Code    10  _printf_char_common.o(.text)
    .text                                    0x00000810   Section        0  _sputc.o(.text)
    .text                                    0x00000820   Section       12  rt_locale_intlibspace.o(.text)
    .text                                    0x00000830   Section      160  lludiv10.o(.text)
    .text                                    0x000008d0   Section        0  _printf_fp_infnan.o(.text)
    .text                                    0x00000960   Section        0  bigflt0.o(.text)
    .text                                    0x00000a40   Section       44  rtudiv10.o(.text)
    .text                                    0x00000a6c   Section       12  libspace.o(.text)
    .text                                    0x00000a78   Section       96  sys_stackheap_outer.o(.text)
    .text                                    0x00000ad8   Section        0  exit.o(.text)
    .text                                    0x00000aec   Section      244  strcmp.o(.text)
    .text                                    0x00000be4   Section      384  aeabi_sdiv.o(.text)
    __arm_div8                               0x00000c10   ARM Code       0  aeabi_sdiv.o(.text)
    __arm_div5                               0x00000c34   ARM Code       0  aeabi_sdiv.o(.text)
    __arm_div2                               0x00000c58   ARM Code       0  aeabi_sdiv.o(.text)
    __arm_div_large                          0x00000c94   ARM Code       0  aeabi_sdiv.o(.text)
    .text                                    0x00000d6c   Section        0  sys_exit.o(.text)
    .text                                    0x00000d78   Section        4  use_no_semi.o(.text)
    .text                                    0x00000d7c   Section        0  indicate_semi.o(.text)
    CL$$btod_d2e                             0x00000d80   Section       56  btod.o(CL$$btod_d2e)
    CL$$btod_d2e_denorm_low                  0x00000db8   Section       84  btod.o(CL$$btod_d2e_denorm_low)
    CL$$btod_d2e_norm_op1                    0x00000e0c   Section      104  btod.o(CL$$btod_d2e_norm_op1)
    CL$$btod_div_common                      0x00000e74   Section      844  btod.o(CL$$btod_div_common)
    CL$$btod_e2e                             0x000011c0   Section      244  btod.o(CL$$btod_e2e)
    CL$$btod_ediv                            0x000012b8   Section       56  btod.o(CL$$btod_ediv)
    CL$$btod_emul                            0x000012f4   Section       56  btod.o(CL$$btod_emul)
    CL$$btod_mult_common                     0x0000132c   Section      616  btod.o(CL$$btod_mult_common)
    i.__ARM_common_call_via_r1               0x000015a0   Section        0  __printf.o(i.__ARM_common_call_via_r1)
    i.__ARM_common_call_via_r2               0x000015a2   Section        0  __printf.o(i.__ARM_common_call_via_r2)
    i.__ARM_fpclassify                       0x000015a8   Section        0  fpclassify.o(i.__ARM_fpclassify)
    i.accConfig                              0x000015d8   Section        0  mpu6050.o(i.accConfig)
    i.gyroConfig                             0x0000166c   Section        0  mpu6050.o(i.gyroConfig)
    i.initDriver                             0x00001700   Section        0  main.o(i.initDriver)
    i.initI2C                                0x00001730   Section        0  main.o(i.initI2C)
    i.initInterrupts                         0x00001764   Section        0  main.o(i.initInterrupts)
    i.initTimer                              0x0000178c   Section        0  main.o(i.initTimer)
    i.initUART                               0x000017c8   Section        0  serial.o(i.initUART)
    i.irq_handler                            0x00001800   Section        0  main.o(i.irq_handler)
    i.main                                   0x0000191c   Section        0  main.o(i.main)
    i.pollingRead                            0x00001928   Section        0  mpu6050.o(i.pollingRead)
    i.pollingWrite                           0x00001b34   Section        0  mpu6050.o(i.pollingWrite)
    i.printResults                           0x00001ca0   Section        0  serial.o(i.printResults)
    i.processMeasurements                    0x00001d98   Section        0  mpu6050.o(i.processMeasurements)
    i.resetI2C                               0x0000210c   Section        0  mpu6050.o(i.resetI2C)
    i.sendCharacter                          0x00002130   Section        0  serial.o(i.sendCharacter)
    i.sendString                             0x00002158   Section        0  serial.o(i.sendString)
    i.startSensor                            0x0000219c   Section        0  mpu6050.o(i.startSensor)
    locale$$code                             0x000021b0   Section       80  lc_numeric_c.o(locale$$code)
    x$fpl$dadd                               0x00002200   Section      340  daddsub_noclz.o(x$fpl$dadd)
    _dadd1                                   0x00002210   ARM Code       0  daddsub_noclz.o(x$fpl$dadd)
    x$fpl$ddiv                               0x00002354   Section      736  ddiv.o(x$fpl$ddiv)
    ddiv_entry                               0x0000235c   ARM Code       0  ddiv.o(x$fpl$ddiv)
    x$fpl$dflt                               0x00002634   Section       88  dflt_noclz.o(x$fpl$dflt)
    x$fpl$dnaninf                            0x0000268c   Section      192  dnaninf.o(x$fpl$dnaninf)
    x$fpl$dretinf                            0x0000274c   Section       16  dretinf.o(x$fpl$dretinf)
    x$fpl$dsub                               0x0000275c   Section      580  daddsub_noclz.o(x$fpl$dsub)
    _dsub1                                   0x0000276c   ARM Code       0  daddsub_noclz.o(x$fpl$dsub)
    x$fpl$ieeestatus                         0x000029a4   Section        8  istatus.o(x$fpl$ieeestatus)
    x$fpl$printf1                            0x000029ac   Section        4  printf1.o(x$fpl$printf1)
    .constdata                               0x000029b0   Section      148  bigflt0.o(.constdata)
    x$fpl$usenofp                            0x000029b0   Section        0  usenofp.o(x$fpl$usenofp)
    tenpwrs_x                                0x000029b0   Data          60  bigflt0.o(.constdata)
    tenpwrs_i                                0x000029ec   Data          64  bigflt0.o(.constdata)
    locale$$data                             0x00002a64   Section       28  lc_numeric_c.o(locale$$data)
    __lcnum_c_name                           0x00002a68   Data           2  lc_numeric_c.o(locale$$data)
    __lcnum_c_start                          0x00002a70   Data           0  lc_numeric_c.o(locale$$data)
    __lcnum_c_point                          0x00002a7c   Data           0  lc_numeric_c.o(locale$$data)
    __lcnum_c_thousands                      0x00002a7e   Data           0  lc_numeric_c.o(locale$$data)
    __lcnum_c_grouping                       0x00002a7f   Data           0  lc_numeric_c.o(locale$$data)
    __lcnum_c_end                            0x00002a80   Data           0  lc_numeric_c.o(locale$$data)
    .data                                    0x40000000   Section       26  mpu6050.o(.data)
    .bss                                     0x40000020   Section       72  mpu6050.o(.bss)
    .bss                                     0x40000068   Section       96  libspace.o(.bss)
    HEAP                                     0x400000c8   Section        0  startup.o(HEAP)
    STACK                                    0x400000c8   Section     1160  startup.o(STACK)
    Heap_Mem                                 0x400000c8   Data           0  startup.o(HEAP)
    Stack_Mem                                0x400000c8   Data        1024  startup.o(STACK)
    Stack_Top                                0x40000550   Data           0  startup.o(STACK)

    Global Symbols

    Symbol Name                              Value     Ov Type        Size  Object(Section)

    BuildAttributes$$THM_ISAv1$ARM_ISAv4$S$PE$A:L22$X:L11$S22$IEEE1$IW$USESV6$~STKCKD$USESV7$~SHL$OTIME$ROPI$IEEEJ$EBA8$UX$STANDARDLIB$REQ8$PRES8$EABIv2 0x00000000   Number         0  anon$$obj.o ABSOLUTE
    __ARM_use_no_argv                        0x00000000   Number         0  main.o ABSOLUTE
    __ARM_exceptions_init                     - Undefined Weak Reference
    __alloca_initialize                       - Undefined Weak Reference
    __arm_preinit_                            - Undefined Weak Reference
    __cpp_initialize__aeabi_                  - Undefined Weak Reference
    __cxa_finalize                            - Undefined Weak Reference
    __sigvec_lookup                           - Undefined Weak Reference
    _atexit_init                              - Undefined Weak Reference
    _call_atexit_fns                          - Undefined Weak Reference
    _clock_init                               - Undefined Weak Reference
    _fp_trap_init                             - Undefined Weak Reference
    _fp_trap_shutdown                         - Undefined Weak Reference
    _get_lc_collate                           - Undefined Weak Reference
    _get_lc_ctype                             - Undefined Weak Reference
    _get_lc_monetary                          - Undefined Weak Reference
    _get_lc_time                              - Undefined Weak Reference
    _getenv_init                              - Undefined Weak Reference
    _handle_redirection                       - Undefined Weak Reference
    _init_alloc                               - Undefined Weak Reference
    _init_user_alloc                          - Undefined Weak Reference
    _initio                                   - Undefined Weak Reference
    _printf_post_padding                      - Undefined Weak Reference
    _printf_pre_padding                       - Undefined Weak Reference
    _rand_init                                - Undefined Weak Reference
    _signal_finish                            - Undefined Weak Reference
    _signal_init                              - Undefined Weak Reference
    _terminate_alloc                          - Undefined Weak Reference
    _terminate_user_alloc                     - Undefined Weak Reference
    _terminateio                              - Undefined Weak Reference
    Reset_Handler                            0x00000058   ARM Code       0  startup.o(RESET)
    __main                                   0x00000110   ARM Code       8  __main.o(!!!main)
    __scatterload                            0x00000118   ARM Code       0  __scatter.o(!!!scatter)
    __scatterload_rt2                        0x00000118   ARM Code      52  __scatter.o(!!!scatter)
    __scatterload_null                       0x0000012c   ARM Code       0  __scatter.o(!!!scatter)
    __scatterload_copy                       0x00000154   ARM Code      40  __scatter_copy.o(!!handler_copy)
    __scatterload_zeroinit                   0x0000017c   ARM Code      44  __scatter_zi.o(!!handler_zi)
    Inline Thumb to ARM Veneer to _printf_percent 0x000001a9   Thumb Code     4  _printf_percent.o(.ARM.Collect$$_printf_percent$$00000000)
    _printf_f                                0x000001ac   ARM Code       0  _printf_f.o(.ARM.Collect$$_printf_percent$$00000003)
    _printf_percent                          0x000001ac   ARM Code       0  _printf_percent.o(.ARM.Collect$$_printf_percent$$00000000)
    _printf_percent_end                      0x000001b4   ARM Code       0  _printf_percent_end.o(.ARM.Collect$$_printf_percent$$00000017)
    Inline ARM to Thumb Veneer to __rt_lib_init 0x000001bc   ARM Code       8  libinit.o(.ARM.Collect$$libinit$$00000000)
    __rt_lib_init                            0x000001c5   Thumb Code     0  libinit.o(.ARM.Collect$$libinit$$00000000)
    __rt_lib_init_fp_1                       0x000001c7   Thumb Code     0  libinit2.o(.ARM.Collect$$libinit$$00000002)
    __rt_lib_init_heap_1                     0x000001c7   Thumb Code     0  libinit2.o(.ARM.Collect$$libinit$$0000000A)
    __rt_lib_init_lc_common                  0x000001c7   Thumb Code     0  libinit2.o(.ARM.Collect$$libinit$$0000000F)
    __rt_lib_init_preinit_1                  0x000001c7   Thumb Code     0  libinit2.o(.ARM.Collect$$libinit$$00000004)
    __rt_lib_init_rand_1                     0x000001c7   Thumb Code     0  libinit2.o(.ARM.Collect$$libinit$$0000000E)
    __rt_lib_init_user_alloc_1               0x000001c7   Thumb Code     0  libinit2.o(.ARM.Collect$$libinit$$0000000C)
    __rt_lib_init_lc_collate_1               0x000001cd   Thumb Code     0  libinit2.o(.ARM.Collect$$libinit$$00000011)
    __rt_lib_init_lc_ctype_1                 0x000001cd   Thumb Code     0  libinit2.o(.ARM.Collect$$libinit$$00000013)
    __rt_lib_init_lc_monetary_1              0x000001cd   Thumb Code     0  libinit2.o(.ARM.Collect$$libinit$$00000015)
    __rt_lib_init_lc_numeric_2               0x000001cd   Thumb Code     0  libinit2.o(.ARM.Collect$$libinit$$00000016)
    __rt_lib_init_alloca_1                   0x000001d7   Thumb Code     0  libinit2.o(.ARM.Collect$$libinit$$0000002E)
    __rt_lib_init_argv_1                     0x000001d7   Thumb Code     0  libinit2.o(.ARM.Collect$$libinit$$0000002C)
    __rt_lib_init_atexit_1                   0x000001d7   Thumb Code     0  libinit2.o(.ARM.Collect$$libinit$$0000001B)
    __rt_lib_init_clock_1                    0x000001d7   Thumb Code     0  libinit2.o(.ARM.Collect$$libinit$$00000021)
    __rt_lib_init_cpp_1                      0x000001d7   Thumb Code     0  libinit2.o(.ARM.Collect$$libinit$$00000032)
    __rt_lib_init_exceptions_1               0x000001d7   Thumb Code     0  libinit2.o(.ARM.Collect$$libinit$$00000030)
    __rt_lib_init_fp_trap_1                  0x000001d7   Thumb Code     0  libinit2.o(.ARM.Collect$$libinit$$0000001F)
    __rt_lib_init_getenv_1                   0x000001d7   Thumb Code     0  libinit2.o(.ARM.Collect$$libinit$$00000023)
    __rt_lib_init_lc_numeric_1               0x000001d7   Thumb Code     0  libinit2.o(.ARM.Collect$$libinit$$00000017)
    __rt_lib_init_lc_time_1                  0x000001d7   Thumb Code     0  libinit2.o(.ARM.Collect$$libinit$$00000019)
    __rt_lib_init_return                     0x000001d7   Thumb Code     0  libinit2.o(.ARM.Collect$$libinit$$00000033)
    __rt_lib_init_signal_1                   0x000001d7   Thumb Code     0  libinit2.o(.ARM.Collect$$libinit$$0000001D)
    __rt_lib_init_stdio_1                    0x000001d7   Thumb Code     0  libinit2.o(.ARM.Collect$$libinit$$00000025)
    Inline ARM to Thumb Veneer to __rt_lib_shutdown 0x000001e4   ARM Code       8  libshutdown.o(.ARM.Collect$$libshutdown$$00000000)
    __rt_lib_shutdown                        0x000001ed   Thumb Code     0  libshutdown.o(.ARM.Collect$$libshutdown$$00000000)
    __rt_lib_shutdown_cpp_1                  0x000001f1   Thumb Code     0  libshutdown2.o(.ARM.Collect$$libshutdown$$00000002)
    __rt_lib_shutdown_fp_trap_1              0x000001f1   Thumb Code     0  libshutdown2.o(.ARM.Collect$$libshutdown$$00000007)
    __rt_lib_shutdown_heap_1                 0x000001f1   Thumb Code     0  libshutdown2.o(.ARM.Collect$$libshutdown$$0000000F)
    __rt_lib_shutdown_return                 0x000001f1   Thumb Code     0  libshutdown2.o(.ARM.Collect$$libshutdown$$00000010)
    __rt_lib_shutdown_signal_1               0x000001f1   Thumb Code     0  libshutdown2.o(.ARM.Collect$$libshutdown$$0000000A)
    __rt_lib_shutdown_stdio_1                0x000001f1   Thumb Code     0  libshutdown2.o(.ARM.Collect$$libshutdown$$00000004)
    __rt_lib_shutdown_user_alloc_1           0x000001f1   Thumb Code     0  libshutdown2.o(.ARM.Collect$$libshutdown$$0000000C)
    __rt_entry                               0x000001f8   ARM Code       0  __rtentry.o(.ARM.Collect$$rtentry$$00000000)
    __rt_entry_presh_1                       0x000001f8   ARM Code       0  __rtentry2.o(.ARM.Collect$$rtentry$$00000002)
    __rt_entry_sh                            0x000001f8   ARM Code       0  __rtentry4.o(.ARM.Collect$$rtentry$$00000004)
    __rt_entry_li                            0x00000200   ARM Code       0  __rtentry2.o(.ARM.Collect$$rtentry$$0000000A)
    __rt_entry_postsh_1                      0x00000200   ARM Code       0  __rtentry2.o(.ARM.Collect$$rtentry$$00000009)
    __rt_entry_main                          0x00000204   ARM Code       0  __rtentry2.o(.ARM.Collect$$rtentry$$0000000D)
    __rt_entry_postli_1                      0x00000204   ARM Code       0  __rtentry2.o(.ARM.Collect$$rtentry$$0000000C)
    Inline Thumb to ARM Veneer to __rt_exit  0x0000022d   Thumb Code     4  rtexit.o(.ARM.Collect$$rtexit$$00000000)
    __rt_exit                                0x00000230   ARM Code       0  rtexit.o(.ARM.Collect$$rtexit$$00000000)
    __rt_exit_ls                             0x00000234   ARM Code       0  rtexit2.o(.ARM.Collect$$rtexit$$00000003)
    __rt_exit_prels_1                        0x00000234   ARM Code       0  rtexit2.o(.ARM.Collect$$rtexit$$00000002)
    __rt_exit_exit                           0x00000238   ARM Code       0  rtexit2.o(.ARM.Collect$$rtexit$$00000004)
    __user_initial_stackheap                 0x00000240   ARM Code       0  startup.o(.text)
    Inline ARM to Thumb Veneer to __2sprintf 0x00000260   ARM Code       8  noretval__2sprintf.o(.text)
    __2sprintf                               0x00000269   Thumb Code    36  noretval__2sprintf.o(.text)
    __printf                                 0x00000291   Thumb Code   118  __printf.o(.text)
    Inline ARM to Thumb Veneer to strlen     0x00000308   ARM Code       8  strlen.o(.text)
    strlen                                   0x00000311   Thumb Code    64  strlen.o(.text)
    __aeabi_memcpy4                          0x00000354   ARM Code       0  rt_memcpy_w.o(.text)
    __aeabi_memcpy8                          0x00000354   ARM Code       0  rt_memcpy_w.o(.text)
    __rt_memcpy_w                            0x00000354   ARM Code     100  rt_memcpy_w.o(.text)
    _memcpy_lastbytes_aligned                0x000003a0   ARM Code       0  rt_memcpy_w.o(.text)
    __use_two_region_memory                  0x000003b9   Thumb Code     2  heapauxi.o(.text)
    __rt_heap_escrow$2region                 0x000003bb   Thumb Code     2  heapauxi.o(.text)
    __rt_heap_expand$2region                 0x000003bd   Thumb Code     2  heapauxi.o(.text)
    __lib_sel_fp_printf                      0x000003c1   Thumb Code     2  _printf_fp_dec.o(.text)
    _printf_fp_dec_real                      0x00000561   Thumb Code   628  _printf_fp_dec.o(.text)
    _printf_char_common                      0x000007eb   Thumb Code    34  _printf_char_common.o(.text)
    _sputc                                   0x00000811   Thumb Code    10  _sputc.o(.text)
    Inline Thumb to ARM Veneer to __rt_locale 0x0000081d   Thumb Code     4  rt_locale_intlibspace.o(.text)
    __rt_locale                              0x00000820   ARM Code      12  rt_locale_intlibspace.o(.text)
    Inline Thumb to ARM Veneer to _ll_udiv10 0x0000082d   Thumb Code     4  lludiv10.o(.text)
    _ll_udiv10                               0x00000830   ARM Code     160  lludiv10.o(.text)
    _printf_fp_infnan                        0x000008d1   Thumb Code   128  _printf_fp_infnan.o(.text)
    _btod_etento                             0x00000961   Thumb Code   214  bigflt0.o(.text)
    Inline Thumb to ARM Veneer to __rt_udiv10 0x00000a3d   Thumb Code     4  rtudiv10.o(.text)
    __rt_udiv10                              0x00000a40   ARM Code      44  rtudiv10.o(.text)
    __user_libspace                          0x00000a6c   ARM Code      12  libspace.o(.text)
    __user_perproc_libspace                  0x00000a6c   ARM Code       0  libspace.o(.text)
    __user_perthread_libspace                0x00000a6c   ARM Code       0  libspace.o(.text)
    __user_setup_stackheap                   0x00000a78   ARM Code      96  sys_stackheap_outer.o(.text)
    exit                                     0x00000ad9   Thumb Code    20  exit.o(.text)
    strcmp                                   0x00000aec   ARM Code     240  strcmp.o(.text)
    Inline Thumb to ARM Veneer to __aeabi_idivmod 0x00000be1   Thumb Code     4  aeabi_sdiv.o(.text)
    __aeabi_idiv                             0x00000be4   ARM Code       0  aeabi_sdiv.o(.text)
    __aeabi_idivmod                          0x00000be4   ARM Code     384  aeabi_sdiv.o(.text)
    Inline ARM to Thumb Veneer to _sys_exit  0x00000d64   ARM Code       8  sys_exit.o(.text)
    _sys_exit                                0x00000d6d   Thumb Code     8  sys_exit.o(.text)
    __I$use$semihosting                      0x00000d78   ARM Code       0  use_no_semi.o(.text)
    __use_no_semihosting_swi                 0x00000d78   ARM Code       4  use_no_semi.o(.text)
    Inline Thumb to ARM Veneer to _btod_d2e  0x00000d7d   Thumb Code     4  btod.o(CL$$btod_d2e)
    __semihosting_library_function           0x00000d7c   ARM Code       0  indicate_semi.o(.text)
    _btod_d2e                                0x00000d80   ARM Code      56  btod.o(CL$$btod_d2e)
    _d2e_denorm_low                          0x00000db8   ARM Code      84  btod.o(CL$$btod_d2e_denorm_low)
    _d2e_norm_op1                            0x00000e0c   ARM Code     104  btod.o(CL$$btod_d2e_norm_op1)
    __btod_div_common                        0x00000e74   ARM Code     716  btod.o(CL$$btod_div_common)
    _e2e                                     0x000011c0   ARM Code     244  btod.o(CL$$btod_e2e)
    Inline Thumb to ARM Veneer to _btod_ediv 0x000012b5   Thumb Code     4  btod.o(CL$$btod_ediv)
    _btod_ediv                               0x000012b8   ARM Code      56  btod.o(CL$$btod_ediv)
    Inline Thumb to ARM Veneer to _btod_emul 0x000012f1   Thumb Code     4  btod.o(CL$$btod_emul)
    _btod_emul                               0x000012f4   ARM Code      56  btod.o(CL$$btod_emul)
    __btod_mult_common                       0x0000132c   ARM Code     616  btod.o(CL$$btod_mult_common)
    Long ARM to Thumb Veneer to _printf_fp_dec_real 0x00001594   ARM Code      12  anon$$obj.o(Veneer$$Code)
    __ARM_common_call_via_r1                 0x000015a1   Thumb Code     2  __printf.o(i.__ARM_common_call_via_r1)
    __ARM_common_call_via_r2                 0x000015a3   Thumb Code     2  __printf.o(i.__ARM_common_call_via_r2)
    Inline Thumb to ARM Veneer to __ARM_fpclassify 0x000015a5   Thumb Code     4  fpclassify.o(i.__ARM_fpclassify)
    __ARM_fpclassify                         0x000015a8   ARM Code      48  fpclassify.o(i.__ARM_fpclassify)
    accConfig                                0x000015d8   ARM Code     144  mpu6050.o(i.accConfig)
    gyroConfig                               0x0000166c   ARM Code     144  mpu6050.o(i.gyroConfig)
    initDriver                               0x00001700   ARM Code      48  main.o(i.initDriver)
    initI2C                                  0x00001730   ARM Code      48  main.o(i.initI2C)
    initInterrupts                           0x00001764   ARM Code      40  main.o(i.initInterrupts)
    initTimer                                0x0000178c   ARM Code      56  main.o(i.initTimer)
    initUART                                 0x000017c8   ARM Code      52  serial.o(i.initUART)
    irq_handler                              0x00001800   ARM Code     220  main.o(i.irq_handler)
    main                                     0x0000191c   ARM Code      12  main.o(i.main)
    pollingRead                              0x00001928   ARM Code     504  mpu6050.o(i.pollingRead)
    pollingWrite                             0x00001b34   ARM Code     344  mpu6050.o(i.pollingWrite)
    printResults                             0x00001ca0   ARM Code     176  serial.o(i.printResults)
    processMeasurements                      0x00001d98   ARM Code     828  mpu6050.o(i.processMeasurements)
    resetI2C                                 0x0000210c   ARM Code      32  mpu6050.o(i.resetI2C)
    sendCharacter                            0x00002130   ARM Code      36  serial.o(i.sendCharacter)
    sendString                               0x00002158   ARM Code      68  serial.o(i.sendString)
    startSensor                              0x0000219c   ARM Code      16  mpu6050.o(i.startSensor)
    Inline Thumb to ARM Veneer to _get_lc_numeric 0x000021ad   Thumb Code     4  lc_numeric_c.o(locale$$code)
    _get_lc_numeric                          0x000021b0   ARM Code      80  lc_numeric_c.o(locale$$code)
    __aeabi_dadd                             0x00002200   ARM Code       0  daddsub_noclz.o(x$fpl$dadd)
    _dadd                                    0x00002200   ARM Code     336  daddsub_noclz.o(x$fpl$dadd)
    __aeabi_ddiv                             0x00002354   ARM Code       0  ddiv.o(x$fpl$ddiv)
    _ddiv                                    0x00002354   ARM Code     600  ddiv.o(x$fpl$ddiv)
    __aeabi_i2d                              0x00002634   ARM Code       0  dflt_noclz.o(x$fpl$dflt)
    _dflt                                    0x00002634   ARM Code      88  dflt_noclz.o(x$fpl$dflt)
    __dflt_normalise                         0x00002644   ARM Code       0  dflt_noclz.o(x$fpl$dflt)
    __fpl_dnaninf                            0x0000268c   ARM Code     192  dnaninf.o(x$fpl$dnaninf)
    __fpl_dretinf                            0x0000274c   ARM Code      16  dretinf.o(x$fpl$dretinf)
    __aeabi_dsub                             0x0000275c   ARM Code       0  daddsub_noclz.o(x$fpl$dsub)
    _dsub                                    0x0000275c   ARM Code     576  daddsub_noclz.o(x$fpl$dsub)
    Inline Thumb to ARM Veneer to __ieee_status 0x000029a1   Thumb Code     4  istatus.o(x$fpl$ieeestatus)
    __ieee_status                            0x000029a4   ARM Code       8  istatus.o(x$fpl$ieeestatus)
    _printf_fp_dec                           0x000029ac   ARM Code       4  printf1.o(x$fpl$printf1)
    __I$use$fp                               0x000029b0   Number         0  usenofp.o(x$fpl$usenofp)
    Region$$Table$$Base                      0x00002a44   Number         0  anon$$obj.o(Region$$Table)
    Region$$Table$$Limit                     0x00002a64   Number         0  anon$$obj.o(Region$$Table)
    gyroRange                                0x40000000   Data           1  mpu6050.o(.data)
    accRange                                 0x40000001   Data           1  mpu6050.o(.data)
    cntOperation                             0x40000004   Data           4  mpu6050.o(.data)
    cntWrite                                 0x40000008   Data           4  mpu6050.o(.data)
    cntRead                                  0x4000000c   Data           4  mpu6050.o(.data)
    cntIndex                                 0x40000010   Data           4  mpu6050.o(.data)
    doneInit                                 0x40000014   Data           4  mpu6050.o(.data)
    lenWrite                                 0x40000018   Data           1  mpu6050.o(.data)
    lenRead                                  0x40000019   Data           1  mpu6050.o(.data)
    measurements                             0x40000020   Data          14  mpu6050.o(.bss)
    results                                  0x40000030   Data          56  mpu6050.o(.bss)
    __libspace_start                         0x40000068   Data          96  libspace.o(.bss)
    __temporary_stack_top$libspace           0x400000c8   Data           0  libspace.o(.bss)



==============================================================================

Memory Map of the image

  Image Entry point : 0x00000110

  Load Region LR_IROM1 (Base: 0x00000000, Size: 0x00002a9c, Max: 0x00080000, ABSOLUTE)

    Execution Region ER_IROM1 (Exec base: 0x00000000, Load base: 0x00000000, Size: 0x00002a80, Max: 0x00080000, ABSOLUTE)

    Exec Addr    Load Addr    Size         Type   Attr      Idx    E Section Name        Object

    0x00000000   0x00000000   0x00000110   Code   RO            3    RESET               startup.o
    0x00000110   0x00000110   0x00000008   Code   RO          202  * !!!main             c_t.l(__main.o)
    0x00000118   0x00000118   0x0000003c   Code   RO          464    !!!scatter          c_t.l(__scatter.o)
    0x00000154   0x00000154   0x00000028   Code   RO          466    !!handler_copy      c_t.l(__scatter_copy.o)
    0x0000017c   0x0000017c   0x0000002c   Code   RO          468    !!handler_zi        c_t.l(__scatter_zi.o)
    0x000001a8   0x000001a8   0x00000004   Ven    RO          195    .ARM.Collect$$_printf_percent$$00000000  c_t.l(_printf_percent.o)
    0x000001ac   0x000001ac   0x00000000   Code   RO          195    .ARM.Collect$$_printf_percent$$00000000  c_t.l(_printf_percent.o)
    0x000001ac   0x000001ac   0x00000008   Code   RO          194    .ARM.Collect$$_printf_percent$$00000003  c_t.l(_printf_f.o)
    0x000001b4   0x000001b4   0x00000008   Code   RO          227    .ARM.Collect$$_printf_percent$$00000017  c_t.l(_printf_percent_end.o)
    0x000001bc   0x000001bc   0x00000008   Ven    RO          327    .ARM.Collect$$libinit$$00000000  c_t.l(libinit.o)
    0x000001c4   0x000001c4   0x00000002   Code   RO          327    .ARM.Collect$$libinit$$00000000  c_t.l(libinit.o)
    0x000001c6   0x000001c6   0x00000000   Code   RO          329    .ARM.Collect$$libinit$$00000002  c_t.l(libinit2.o)
    0x000001c6   0x000001c6   0x00000000   Code   RO          331    .ARM.Collect$$libinit$$00000004  c_t.l(libinit2.o)
    0x000001c6   0x000001c6   0x00000000   Code   RO          334    .ARM.Collect$$libinit$$0000000A  c_t.l(libinit2.o)
    0x000001c6   0x000001c6   0x00000000   Code   RO          336    .ARM.Collect$$libinit$$0000000C  c_t.l(libinit2.o)
    0x000001c6   0x000001c6   0x00000000   Code   RO          338    .ARM.Collect$$libinit$$0000000E  c_t.l(libinit2.o)
    0x000001c6   0x000001c6   0x00000006   Code   RO          339    .ARM.Collect$$libinit$$0000000F  c_t.l(libinit2.o)
    0x000001cc   0x000001cc   0x00000000   Code   RO          341    .ARM.Collect$$libinit$$00000011  c_t.l(libinit2.o)
    0x000001cc   0x000001cc   0x00000000   Code   RO          343    .ARM.Collect$$libinit$$00000013  c_t.l(libinit2.o)
    0x000001cc   0x000001cc   0x00000000   Code   RO          345    .ARM.Collect$$libinit$$00000015  c_t.l(libinit2.o)
    0x000001cc   0x000001cc   0x0000000a   Code   RO          346    .ARM.Collect$$libinit$$00000016  c_t.l(libinit2.o)
    0x000001d6   0x000001d6   0x00000000   Code   RO          347    .ARM.Collect$$libinit$$00000017  c_t.l(libinit2.o)
    0x000001d6   0x000001d6   0x00000000   Code   RO          349    .ARM.Collect$$libinit$$00000019  c_t.l(libinit2.o)
    0x000001d6   0x000001d6   0x00000000   Code   RO          351    .ARM.Collect$$libinit$$0000001B  c_t.l(libinit2.o)
    0x000001d6   0x000001d6   0x00000000   Code   RO          353    .ARM.Collect$$libinit$$0000001D  c_t.l(libinit2.o)
    0x000001d6   0x000001d6   0x00000000   Code   RO          355    .ARM.Collect$$libinit$$0000001F  c_t.l(libinit2.o)
    0x000001d6   0x000001d6   0x00000000   Code   RO          357    .ARM.Collect$$libinit$$00000021  c_t.l(libinit2.o)
    0x000001d6   0x000001d6   0x00000000   Code   RO          359    .ARM.Collect$$libinit$$00000023  c_t.l(libinit2.o)
    0x000001d6   0x000001d6   0x00000000   Code   RO          361    .ARM.Collect$$libinit$$00000025  c_t.l(libinit2.o)
    0x000001d6   0x000001d6   0x00000000   Code   RO          365    .ARM.Collect$$libinit$$0000002C  c_t.l(libinit2.o)
    0x000001d6   0x000001d6   0x00000000   Code   RO          367    .ARM.Collect$$libinit$$0000002E  c_t.l(libinit2.o)
    0x000001d6   0x000001d6   0x00000000   Code   RO          369    .ARM.Collect$$libinit$$00000030  c_t.l(libinit2.o)
    0x000001d6   0x000001d6   0x00000000   Code   RO          371    .ARM.Collect$$libinit$$00000032  c_t.l(libinit2.o)
    0x000001d6   0x000001d6   0x0000000c   Code   RO          372    .ARM.Collect$$libinit$$00000033  c_t.l(libinit2.o)
    0x000001e2   0x000001e2   0x00000002   PAD
    0x000001e4   0x000001e4   0x00000008   Ven    RO          412    .ARM.Collect$$libshutdown$$00000000  c_t.l(libshutdown.o)
    0x000001ec   0x000001ec   0x00000004   Code   RO          412    .ARM.Collect$$libshutdown$$00000000  c_t.l(libshutdown.o)
    0x000001f0   0x000001f0   0x00000000   Code   RO          425    .ARM.Collect$$libshutdown$$00000002  c_t.l(libshutdown2.o)
    0x000001f0   0x000001f0   0x00000000   Code   RO          427    .ARM.Collect$$libshutdown$$00000004  c_t.l(libshutdown2.o)
    0x000001f0   0x000001f0   0x00000000   Code   RO          430    .ARM.Collect$$libshutdown$$00000007  c_t.l(libshutdown2.o)
    0x000001f0   0x000001f0   0x00000000   Code   RO          433    .ARM.Collect$$libshutdown$$0000000A  c_t.l(libshutdown2.o)
    0x000001f0   0x000001f0   0x00000000   Code   RO          435    .ARM.Collect$$libshutdown$$0000000C  c_t.l(libshutdown2.o)
    0x000001f0   0x000001f0   0x00000000   Code   RO          438    .ARM.Collect$$libshutdown$$0000000F  c_t.l(libshutdown2.o)
    0x000001f0   0x000001f0   0x00000006   Code   RO          439    .ARM.Collect$$libshutdown$$00000010  c_t.l(libshutdown2.o)
    0x000001f6   0x000001f6   0x00000002   PAD
    0x000001f8   0x000001f8   0x00000000   Code   RO          220    .ARM.Collect$$rtentry$$00000000  c_t.l(__rtentry.o)
    0x000001f8   0x000001f8   0x00000000   Code   RO          234    .ARM.Collect$$rtentry$$00000002  c_t.l(__rtentry2.o)
    0x000001f8   0x000001f8   0x00000008   Code   RO          246    .ARM.Collect$$rtentry$$00000004  c_t.l(__rtentry4.o)
    0x00000200   0x00000200   0x00000000   Code   RO          236    .ARM.Collect$$rtentry$$00000009  c_t.l(__rtentry2.o)
    0x00000200   0x00000200   0x00000004   Code   RO          237    .ARM.Collect$$rtentry$$0000000A  c_t.l(__rtentry2.o)
    0x00000204   0x00000204   0x00000000   Code   RO          239    .ARM.Collect$$rtentry$$0000000C  c_t.l(__rtentry2.o)
    0x00000204   0x00000204   0x00000028   Code   RO          240    .ARM.Collect$$rtentry$$0000000D  c_t.l(__rtentry2.o)
    0x0000022c   0x0000022c   0x00000004   Ven    RO          373    .ARM.Collect$$rtexit$$00000000  c_t.l(rtexit.o)
    0x00000230   0x00000230   0x00000004   Code   RO          373    .ARM.Collect$$rtexit$$00000000  c_t.l(rtexit.o)
    0x00000234   0x00000234   0x00000000   Code   RO          384    .ARM.Collect$$rtexit$$00000002  c_t.l(rtexit2.o)
    0x00000234   0x00000234   0x00000004   Code   RO          385    .ARM.Collect$$rtexit$$00000003  c_t.l(rtexit2.o)
    0x00000238   0x00000238   0x00000008   Code   RO          386    .ARM.Collect$$rtexit$$00000004  c_t.l(rtexit2.o)
    0x00000240   0x00000240   0x00000020   Code   RO            4    .text               startup.o
    0x00000260   0x00000260   0x00000008   Ven    RO          166    .text               c_t.l(noretval__2sprintf.o)
    0x00000268   0x00000268   0x00000028   Code   RO          166    .text               c_t.l(noretval__2sprintf.o)
    0x00000290   0x00000290   0x00000076   Code   RO          168    .text               c_t.l(__printf.o)
    0x00000306   0x00000306   0x00000002   PAD
    0x00000308   0x00000308   0x00000008   Ven    RO          196    .text               c_t.l(strlen.o)
    0x00000310   0x00000310   0x00000044   Code   RO          196    .text               c_t.l(strlen.o)
    0x00000354   0x00000354   0x00000064   Code   RO          198    .text               c_t.l(rt_memcpy_w.o)
    0x000003b8   0x000003b8   0x00000006   Code   RO          200    .text               c_t.l(heapauxi.o)
    0x000003be   0x000003be   0x00000002   PAD
    0x000003c0   0x000003c0   0x00000420   Code   RO          221    .text               c_t.l(_printf_fp_dec.o)
    0x000007e0   0x000007e0   0x00000030   Code   RO          223    .text               c_t.l(_printf_char_common.o)
    0x00000810   0x00000810   0x0000000a   Code   RO          225    .text               c_t.l(_sputc.o)
    0x0000081a   0x0000081a   0x00000002   PAD
    0x0000081c   0x0000081c   0x00000004   Ven    RO          251    .text               c_t.l(rt_locale_intlibspace.o)
    0x00000820   0x00000820   0x0000000c   Code   RO          251    .text               c_t.l(rt_locale_intlibspace.o)
    0x0000082c   0x0000082c   0x00000004   Ven    RO          253    .text               c_t.l(lludiv10.o)
    0x00000830   0x00000830   0x000000a0   Code   RO          253    .text               c_t.l(lludiv10.o)
    0x000008d0   0x000008d0   0x00000090   Code   RO          255    .text               c_t.l(_printf_fp_infnan.o)
    0x00000960   0x00000960   0x000000dc   Code   RO          263    .text               c_t.l(bigflt0.o)
    0x00000a3c   0x00000a3c   0x00000004   Ven    RO          291    .text               c_t.l(rtudiv10.o)
    0x00000a40   0x00000a40   0x0000002c   Code   RO          291    .text               c_t.l(rtudiv10.o)
    0x00000a6c   0x00000a6c   0x0000000c   Code   RO          297    .text               c_t.l(libspace.o)
    0x00000a78   0x00000a78   0x00000060   Code   RO          300    .text               c_t.l(sys_stackheap_outer.o)
    0x00000ad8   0x00000ad8   0x00000014   Code   RO          302    .text               c_t.l(exit.o)
    0x00000aec   0x00000aec   0x000000f4   Code   RO          304    .text               c_t.l(strcmp.o)
    0x00000be0   0x00000be0   0x00000004   Ven    RO          306    .text               c_t.l(aeabi_sdiv.o)
    0x00000be4   0x00000be4   0x00000180   Code   RO          306    .text               c_t.l(aeabi_sdiv.o)
    0x00000d64   0x00000d64   0x00000008   Ven    RO          398    .text               c_t.l(sys_exit.o)
    0x00000d6c   0x00000d6c   0x0000000c   Code   RO          398    .text               c_t.l(sys_exit.o)
    0x00000d78   0x00000d78   0x00000004   Code   RO          413    .text               c_t.l(use_no_semi.o)
    0x00000d7c   0x00000d7c   0x00000000   Code   RO          415    .text               c_t.l(indicate_semi.o)
    0x00000d7c   0x00000d7c   0x00000004   Ven    RO          266    CL$$btod_d2e        c_t.l(btod.o)
    0x00000d80   0x00000d80   0x00000038   Code   RO          266    CL$$btod_d2e        c_t.l(btod.o)
    0x00000db8   0x00000db8   0x00000054   Code   RO          268    CL$$btod_d2e_denorm_low  c_t.l(btod.o)
    0x00000e0c   0x00000e0c   0x00000068   Code   RO          267    CL$$btod_d2e_norm_op1  c_t.l(btod.o)
    0x00000e74   0x00000e74   0x0000034c   Code   RO          276    CL$$btod_div_common  c_t.l(btod.o)
    0x000011c0   0x000011c0   0x000000f4   Code   RO          273    CL$$btod_e2e        c_t.l(btod.o)
    0x000012b4   0x000012b4   0x00000004   Ven    RO          270    CL$$btod_ediv       c_t.l(btod.o)
    0x000012b8   0x000012b8   0x00000038   Code   RO          270    CL$$btod_ediv       c_t.l(btod.o)
    0x000012f0   0x000012f0   0x00000004   Ven    RO          269    CL$$btod_emul       c_t.l(btod.o)
    0x000012f4   0x000012f4   0x00000038   Code   RO          269    CL$$btod_emul       c_t.l(btod.o)
    0x0000132c   0x0000132c   0x00000268   Code   RO          275    CL$$btod_mult_common  c_t.l(btod.o)
    0x00001594   0x00001594   0x0000000c   Ven    RO          487    Veneer$$Code        anon$$obj.o
    0x000015a0   0x000015a0   0x00000002   Code   RO          172    i.__ARM_common_call_via_r1  c_t.l(__printf.o)
    0x000015a2   0x000015a2   0x00000002   Code   RO          170    i.__ARM_common_call_via_r2  c_t.l(__printf.o)
    0x000015a4   0x000015a4   0x00000004   Ven    RO          295    i.__ARM_fpclassify  m_ts.l(fpclassify.o)
    0x000015a8   0x000015a8   0x00000030   Code   RO          295    i.__ARM_fpclassify  m_ts.l(fpclassify.o)
    0x000015d8   0x000015d8   0x00000094   Code   RO          110    i.accConfig         mpu6050.o
    0x0000166c   0x0000166c   0x00000094   Code   RO          111    i.gyroConfig        mpu6050.o
    0x00001700   0x00001700   0x00000030   Code   RO           11    i.initDriver        main.o
    0x00001730   0x00001730   0x00000034   Code   RO           12    i.initI2C           main.o
    0x00001764   0x00001764   0x00000028   Code   RO           13    i.initInterrupts    main.o
    0x0000178c   0x0000178c   0x0000003c   Code   RO           14    i.initTimer         main.o
    0x000017c8   0x000017c8   0x00000038   Code   RO           75    i.initUART          serial.o
    0x00001800   0x00001800   0x0000011c   Code   RO           15    i.irq_handler       main.o
    0x0000191c   0x0000191c   0x0000000c   Code   RO           16    i.main              main.o
    0x00001928   0x00001928   0x0000020c   Code   RO          112    i.pollingRead       mpu6050.o
    0x00001b34   0x00001b34   0x0000016c   Code   RO          113    i.pollingWrite      mpu6050.o
    0x00001ca0   0x00001ca0   0x000000f8   Code   RO           76    i.printResults      serial.o
    0x00001d98   0x00001d98   0x00000374   Code   RO          114    i.processMeasurements  mpu6050.o
    0x0000210c   0x0000210c   0x00000024   Code   RO          115    i.resetI2C          mpu6050.o
    0x00002130   0x00002130   0x00000028   Code   RO           77    i.sendCharacter     serial.o
    0x00002158   0x00002158   0x00000044   Code   RO           78    i.sendString        serial.o
    0x0000219c   0x0000219c   0x00000010   Code   RO          116    i.startSensor       mpu6050.o
    0x000021ac   0x000021ac   0x00000004   Ven    RO          289    locale$$code        c_t.l(lc_numeric_c.o)
    0x000021b0   0x000021b0   0x00000050   Code   RO          289    locale$$code        c_t.l(lc_numeric_c.o)
    0x00002200   0x00002200   0x00000154   Code   RO          204    x$fpl$dadd          fz_ts.l(daddsub_noclz.o)
    0x00002354   0x00002354   0x000002e0   Code   RO          211    x$fpl$ddiv          fz_ts.l(ddiv.o)
    0x00002634   0x00002634   0x00000058   Code   RO          215    x$fpl$dflt          fz_ts.l(dflt_noclz.o)
    0x0000268c   0x0000268c   0x000000c0   Code   RO          228    x$fpl$dnaninf       fz_ts.l(dnaninf.o)
    0x0000274c   0x0000274c   0x00000010   Code   RO          230    x$fpl$dretinf       fz_ts.l(dretinf.o)
    0x0000275c   0x0000275c   0x00000244   Code   RO          206    x$fpl$dsub          fz_ts.l(daddsub_noclz.o)
    0x000029a0   0x000029a0   0x00000004   Ven    RO          293    x$fpl$ieeestatus    fz_ts.l(istatus.o)
    0x000029a4   0x000029a4   0x00000008   Code   RO          293    x$fpl$ieeestatus    fz_ts.l(istatus.o)
    0x000029ac   0x000029ac   0x00000004   Code   RO          218    x$fpl$printf1       fz_ts.l(printf1.o)
    0x000029b0   0x000029b0   0x00000000   Code   RO          232    x$fpl$usenofp       fz_ts.l(usenofp.o)
    0x000029b0   0x000029b0   0x00000094   Data   RO          264    .constdata          c_t.l(bigflt0.o)
    0x00002a44   0x00002a44   0x00000020   Data   RO          462    Region$$Table       anon$$obj.o
    0x00002a64   0x00002a64   0x0000001c   Data   RO          288    locale$$data        c_t.l(lc_numeric_c.o)


    Execution Region RW_IRAM1 (Exec base: 0x40000000, Load base: 0x00002a80, Size: 0x00000550, Max: 0x00008000, ABSOLUTE)

    Exec Addr    Load Addr    Size         Type   Attr      Idx    E Section Name        Object

    0x40000000   0x00002a80   0x0000001a   Data   RW          118    .data               mpu6050.o
    0x4000001a   0x00002a9a   0x00000006   PAD
    0x40000020        -       0x00000048   Zero   RW          117    .bss                mpu6050.o
    0x40000068        -       0x00000060   Zero   RW          298    .bss                c_t.l(libspace.o)
    0x400000c8        -       0x00000000   Zero   RW            2    HEAP                startup.o
    0x400000c8        -       0x00000488   Zero   RW            1    STACK               startup.o


==============================================================================

Image component sizes


      Code (inc. data)   RO Data    RW Data    ZI Data      Debug   Object Name

       496         72          0          0          0       7057   main.o
      2120        108          0         26         72       5368   mpu6050.o
       412         80          0          0          0       1955   serial.o
       304         60          0          0       1160        556   startup.o

    ----------------------------------------------------------------------
      3344        324         32         28       1236      14936   Object Totals
        12          4         32          0          0          0   (incl. Generated)
         0          0          0          2          4          0   (incl. Padding)

    ----------------------------------------------------------------------

      Code (inc. data)   RO Data    RW Data    ZI Data      Debug   Library Member Name

         8          0          0          0          0         68   __main.o
       122          0          0          0          0        208   __printf.o
         0          0          0          0          0          0   __rtentry.o
        44          4          0          0          0          0   __rtentry2.o
         8          0          0          0          0          0   __rtentry4.o
        60          8          0          0          0          0   __scatter.o
        40          0          0          0          0          0   __scatter_copy.o
        44          0          0          0          0          0   __scatter_zi.o
        48          4          0          0          0         96   _printf_char_common.o
         8          0          0          0          0          0   _printf_f.o
      1056         12          0          0          0        188   _printf_fp_dec.o
       144         16          0          0          0         88   _printf_fp_infnan.o
         4          0          0          0          0          0   _printf_percent.o
         8          0          0          0          0          0   _printf_percent_end.o
        10          0          0          0          0         60   _sputc.o
       388          0          0          0          0         80   aeabi_sdiv.o
       220          6        148          0          0         96   bigflt0.o
      2072        128          0          0          0        700   btod.o
        20          0          0          0          0         80   exit.o
         6          0          0          0          0        136   heapauxi.o
         0          0          0          0          0          0   indicate_semi.o
        84          8         28          0          0         92   lc_numeric_c.o
        10          0          0          0          0          0   libinit.o
        28          0          0          0          0          0   libinit2.o
        12          0          0          0          0          0   libshutdown.o
         6          0          0          0          0          0   libshutdown2.o
        12          4          0          0         96         68   libspace.o
       164          0          0          0          0         96   lludiv10.o
        48          4          0          0          0         84   noretval__2sprintf.o
        16          4          0          0          0         68   rt_locale_intlibspace.o
       100          0          0          0          0         80   rt_memcpy_w.o
         8          0          0          0          0          0   rtexit.o
        12          0          0          0          0          0   rtexit2.o
        48          0          0          0          0         68   rtudiv10.o
       244          4          0          0          0         80   strcmp.o
        76          4          0          0          0         76   strlen.o
        20          4          0          0          0         60   sys_exit.o
        96          0          0          0          0         80   sys_stackheap_outer.o
         4          0          0          0          0         68   use_no_semi.o
       920         16          0          0          0        292   daddsub_noclz.o
       736        140          0          0          0        228   ddiv.o
        88          0          0          0          0         68   dflt_noclz.o
       192          0          0          0          0        108   dnaninf.o
        16          0          0          0          0         68   dretinf.o
        12          0          0          0          0         68   istatus.o
         4          0          0          0          0         68   printf1.o
         0          0          0          0          0          0   usenofp.o
        52          0          0          0          0         68   fpclassify.o

    ----------------------------------------------------------------------
      7328        366        176          0         96       3688   Library Totals
        10          0          0          0          0          0   (incl. Padding)

    ----------------------------------------------------------------------

      Code (inc. data)   RO Data    RW Data    ZI Data      Debug   Library Name

      5298        210        176          0         96       2720   c_t.l
      1968        156          0          0          0        900   fz_ts.l
        52          0          0          0          0         68   m_ts.l

    ----------------------------------------------------------------------
      7328        366        176          0         96       3688   Library Totals

    ----------------------------------------------------------------------

==============================================================================


      Code (inc. data)   RO Data    RW Data    ZI Data      Debug   

     10672        690        208         28       1332      16176   Grand Totals
     10672        690        208         28       1332      16176   ELF Image Totals
     10672        690        208         28          0          0   ROM Totals

==============================================================================

    Total RO  Size (Code + RO Data)                10880 (  10.63kB)
    Total RW  Size (RW Data + ZI Data)              1360 (   1.33kB)
    Total ROM Size (Code + RO Data + RW Data)      10908 (  10.65kB)

==============================================================================

